<?xml version="1.0"?>
<link_info>
   <banner>TMS320C2000 Linker Unix v16.12.0.STS</banner>
   <copyright>Copyright (c) 1996-2015 Texas Instruments Incorporated</copyright>
   <link_time>0x5926dee4</link_time>
   <link_errors>0x1</link_errors>
   <output_file>ELT131_LAB_05_01.out</output_file>
   <entry_point>
      <name>_c_int00</name>
      <address>0x33998c</address>
   </entry_point>
   <input_file_list>
      <input_file id="fl-2">
         <path>./</path>
         <kind>object</kind>
         <file>ELT131_05_02.obj</file>
         <name>ELT131_05_02.obj</name>
      </input_file>
      <input_file id="fl-3">
         <path>./MD_F2833x_LIB/</path>
         <kind>object</kind>
         <file>md_bsp_explorer.obj</file>
         <name>md_bsp_explorer.obj</name>
      </input_file>
      <input_file id="fl-4">
         <path>./MD_F2833x_LIB/</path>
         <kind>object</kind>
         <file>md_epwm.obj</file>
         <name>md_epwm.obj</name>
      </input_file>
      <input_file id="fl-5">
         <path>./MD_F2833x_LIB/</path>
         <kind>object</kind>
         <file>md_gpio.obj</file>
         <name>md_gpio.obj</name>
      </input_file>
      <input_file id="fl-6">
         <path>./MD_F2833x_LIB/</path>
         <kind>object</kind>
         <file>md_spi.obj</file>
         <name>md_spi.obj</name>
      </input_file>
      <input_file id="fl-7">
         <path>./MD_F2833x_LIB/</path>
         <kind>object</kind>
         <file>md_uart_sci.obj</file>
         <name>md_uart_sci.obj</name>
      </input_file>
      <input_file id="fl-8">
         <path>./bsp/</path>
         <kind>object</kind>
         <file>DSP2833x_ADC_cal.obj</file>
         <name>DSP2833x_ADC_cal.obj</name>
      </input_file>
      <input_file id="fl-9">
         <path>./bsp/</path>
         <kind>object</kind>
         <file>DSP2833x_GlobalVariableDefs.obj</file>
         <name>DSP2833x_GlobalVariableDefs.obj</name>
      </input_file>
      <input_file id="fl-a">
         <path>./bsp/</path>
         <kind>object</kind>
         <file>DSP2833x_SysCtrl.obj</file>
         <name>DSP2833x_SysCtrl.obj</name>
      </input_file>
      <input_file id="fl-b">
         <path>./bsp/</path>
         <kind>object</kind>
         <file>DSP2833x_usDelay.obj</file>
         <name>DSP2833x_usDelay.obj</name>
      </input_file>
      <input_file id="fl-f">
         <path>/media/data/CODES/ccs7_workspace/ELT131_LAB_05_01/FLASH/configPkg/package/cfg/</path>
         <kind>object</kind>
         <file>app_p28FP.o28FP</file>
         <name>app_p28FP.o28FP</name>
      </input_file>
      <input_file id="fl-1c">
         <path>/opt/ti/tirtos_c2000_2_16_01_14/products/uia_2_00_05_50/packages/ti/uia/loggers/lib/release/</path>
         <kind>archive</kind>
         <file>ti.uia.loggers.a28FP</file>
         <name>LoggerStopMode.o28FP</name>
      </input_file>
      <input_file id="fl-1d">
         <path>/media/data/CODES/ccs7_workspace/ELT131_LAB_05_01/src/sysbios/</path>
         <kind>archive</kind>
         <file>sysbios.a28FP</file>
         <name>BIOS.obj</name>
      </input_file>
      <input_file id="fl-1e">
         <path>/media/data/CODES/ccs7_workspace/ELT131_LAB_05_01/src/sysbios/</path>
         <kind>archive</kind>
         <file>sysbios.a28FP</file>
         <name>c28_Hwi_asm.obj</name>
      </input_file>
      <input_file id="fl-1f">
         <path>/media/data/CODES/ccs7_workspace/ELT131_LAB_05_01/src/sysbios/</path>
         <kind>archive</kind>
         <file>sysbios.a28FP</file>
         <name>c28_Hwi_disp_asm.obj</name>
      </input_file>
      <input_file id="fl-20">
         <path>/media/data/CODES/ccs7_workspace/ELT131_LAB_05_01/src/sysbios/</path>
         <kind>archive</kind>
         <file>sysbios.a28FP</file>
         <name>c28_IntrinsicsSupport_asm.obj</name>
      </input_file>
      <input_file id="fl-21">
         <path>/media/data/CODES/ccs7_workspace/ELT131_LAB_05_01/src/sysbios/</path>
         <kind>archive</kind>
         <file>sysbios.a28FP</file>
         <name>c28_TaskSupport_asm.obj</name>
      </input_file>
      <input_file id="fl-22">
         <path>/opt/ti/tirtos_c2000_2_16_01_14/products/bios_6_45_02_31/packages/ti/catalog/c2800/init/lib/</path>
         <kind>archive</kind>
         <file>Boot.a28FP</file>
         <name>Boot.o28FP</name>
      </input_file>
      <input_file id="fl-23">
         <path>/opt/ti/tirtos_c2000_2_16_01_14/products/bios_6_45_02_31/packages/ti/catalog/c2800/init/lib/</path>
         <kind>archive</kind>
         <file>Boot.a28FP</file>
         <name>Boot_asm.o28FP</name>
      </input_file>
      <input_file id="fl-24">
         <path>/opt/ti/tirtos_c2000_2_16_01_14/products/uia_2_00_05_50/packages/ti/uia/runtime/lib/release/</path>
         <kind>archive</kind>
         <file>ti.uia.runtime.a28FP</file>
         <name>QueueDescriptor.o28FP</name>
      </input_file>
      <input_file id="fl-25">
         <path>/opt/ti/tirtos_c2000_2_16_01_14/products/bios_6_45_02_31/packages/ti/targets/rts2800/lib/</path>
         <kind>archive</kind>
         <file>ti.targets.rts2800.a28FP</file>
         <name>Assert.o28FP</name>
      </input_file>
      <input_file id="fl-26">
         <path>/opt/ti/tirtos_c2000_2_16_01_14/products/bios_6_45_02_31/packages/ti/targets/rts2800/lib/</path>
         <kind>archive</kind>
         <file>ti.targets.rts2800.a28FP</file>
         <name>Core-mem.o28FP</name>
      </input_file>
      <input_file id="fl-27">
         <path>/opt/ti/tirtos_c2000_2_16_01_14/products/bios_6_45_02_31/packages/ti/targets/rts2800/lib/</path>
         <kind>archive</kind>
         <file>ti.targets.rts2800.a28FP</file>
         <name>Core-smem.o28FP</name>
      </input_file>
      <input_file id="fl-28">
         <path>/opt/ti/tirtos_c2000_2_16_01_14/products/bios_6_45_02_31/packages/ti/targets/rts2800/lib/</path>
         <kind>archive</kind>
         <file>ti.targets.rts2800.a28FP</file>
         <name>Core-label.o28FP</name>
      </input_file>
      <input_file id="fl-29">
         <path>/opt/ti/tirtos_c2000_2_16_01_14/products/bios_6_45_02_31/packages/ti/targets/rts2800/lib/</path>
         <kind>archive</kind>
         <file>ti.targets.rts2800.a28FP</file>
         <name>Core-params.o28FP</name>
      </input_file>
      <input_file id="fl-2a">
         <path>/opt/ti/tirtos_c2000_2_16_01_14/products/bios_6_45_02_31/packages/ti/targets/rts2800/lib/</path>
         <kind>archive</kind>
         <file>ti.targets.rts2800.a28FP</file>
         <name>Error.o28FP</name>
      </input_file>
      <input_file id="fl-2b">
         <path>/opt/ti/tirtos_c2000_2_16_01_14/products/bios_6_45_02_31/packages/ti/targets/rts2800/lib/</path>
         <kind>archive</kind>
         <file>ti.targets.rts2800.a28FP</file>
         <name>Gate.o28FP</name>
      </input_file>
      <input_file id="fl-2c">
         <path>/opt/ti/tirtos_c2000_2_16_01_14/products/bios_6_45_02_31/packages/ti/targets/rts2800/lib/</path>
         <kind>archive</kind>
         <file>ti.targets.rts2800.a28FP</file>
         <name>LoggerBuf.o28FP</name>
      </input_file>
      <input_file id="fl-2d">
         <path>/opt/ti/tirtos_c2000_2_16_01_14/products/bios_6_45_02_31/packages/ti/targets/rts2800/lib/</path>
         <kind>archive</kind>
         <file>ti.targets.rts2800.a28FP</file>
         <name>Memory.o28FP</name>
      </input_file>
      <input_file id="fl-2e">
         <path>/opt/ti/tirtos_c2000_2_16_01_14/products/bios_6_45_02_31/packages/ti/targets/rts2800/lib/</path>
         <kind>archive</kind>
         <file>ti.targets.rts2800.a28FP</file>
         <name>Startup.o28FP</name>
      </input_file>
      <input_file id="fl-2f">
         <path>/opt/ti/tirtos_c2000_2_16_01_14/products/bios_6_45_02_31/packages/ti/targets/rts2800/lib/</path>
         <kind>archive</kind>
         <file>ti.targets.rts2800.a28FP</file>
         <name>System.o28FP</name>
      </input_file>
      <input_file id="fl-30">
         <path>/opt/ti/tirtos_c2000_2_16_01_14/products/bios_6_45_02_31/packages/ti/targets/rts2800/lib/</path>
         <kind>archive</kind>
         <file>ti.targets.rts2800.a28FP</file>
         <name>SysMin.o28FP</name>
      </input_file>
      <input_file id="fl-31">
         <path>/opt/ti/tirtos_c2000_2_16_01_14/products/bios_6_45_02_31/packages/ti/targets/rts2800/lib/</path>
         <kind>archive</kind>
         <file>ti.targets.rts2800.a28FP</file>
         <name>Text.o28FP</name>
      </input_file>
      <input_file id="fl-32">
         <path>/opt/ti/tirtos_c2000_2_16_01_14/products/bios_6_45_02_31/packages/ti/targets/rts2800/lib/</path>
         <kind>archive</kind>
         <file>ti.targets.rts2800.a28FP</file>
         <name>Timestamp.o28FP</name>
      </input_file>
      <input_file id="fl-33">
         <path>/opt/ti/tirtos_c2000_2_16_01_14/products/bios_6_45_02_31/packages/ti/targets/rts2800/lib/</path>
         <kind>archive</kind>
         <file>ti.targets.rts2800.a28FP</file>
         <name>TimestampNull.o28FP</name>
      </input_file>
      <input_file id="fl-34">
         <path>/opt/ti/tirtos_c2000_2_16_01_14/products/bios_6_45_02_31/packages/ti/targets/rts2800/lib/</path>
         <kind>archive</kind>
         <file>ti.targets.rts2800.a28FP</file>
         <name>xdc_noinit.o28FP</name>
      </input_file>
      <input_file id="fl-35">
         <path>/opt/ti/tirtos_c2000_2_16_01_14/products/bios_6_45_02_31/packages/ti/targets/rts2800/lib/</path>
         <kind>archive</kind>
         <file>ti.targets.rts2800.a28FP</file>
         <name>Log.o28FP</name>
      </input_file>
      <input_file id="fl-36">
         <path>/opt/ti/tirtos_c2000_2_16_01_14/products/bios_6_45_02_31/packages/ti/targets/rts2800/lib/</path>
         <kind>archive</kind>
         <file>ti.targets.rts2800.a28FP</file>
         <name>Registry.o28FP</name>
      </input_file>
      <input_file id="fl-37">
         <path>/opt/ti/tirtos_c2000_2_16_01_14/products/bios_6_45_02_31/packages/ti/targets/rts2800/lib/</path>
         <kind>archive</kind>
         <file>boot.a28FP</file>
         <name>boot_cg.o28FP</name>
      </input_file>
      <input_file id="fl-45">
         <path>/opt/ti/ccsv7/tools/compiler/ti-cgt-c2000_16.12.0.STS/lib/</path>
         <kind>archive</kind>
         <file>rts2800_fpu32.lib</file>
         <name>_lock.obj</name>
      </input_file>
      <input_file id="fl-46">
         <path>/opt/ti/ccsv7/tools/compiler/ti-cgt-c2000_16.12.0.STS/lib/</path>
         <kind>archive</kind>
         <file>rts2800_fpu32.lib</file>
         <name>args_main.obj</name>
      </input_file>
      <input_file id="fl-47">
         <path>/opt/ti/ccsv7/tools/compiler/ti-cgt-c2000_16.12.0.STS/lib/</path>
         <kind>archive</kind>
         <file>rts2800_fpu32.lib</file>
         <name>cpy_tbl.obj</name>
      </input_file>
      <input_file id="fl-48">
         <path>/opt/ti/ccsv7/tools/compiler/ti-cgt-c2000_16.12.0.STS/lib/</path>
         <kind>archive</kind>
         <file>rts2800_fpu32.lib</file>
         <name>epilog28.obj</name>
      </input_file>
      <input_file id="fl-49">
         <path>/opt/ti/ccsv7/tools/compiler/ti-cgt-c2000_16.12.0.STS/lib/</path>
         <kind>archive</kind>
         <file>rts2800_fpu32.lib</file>
         <name>exit.obj</name>
      </input_file>
      <input_file id="fl-4a">
         <path>/opt/ti/ccsv7/tools/compiler/ti-cgt-c2000_16.12.0.STS/lib/</path>
         <kind>archive</kind>
         <file>rts2800_fpu32.lib</file>
         <name>fs_div28.obj</name>
      </input_file>
      <input_file id="fl-4b">
         <path>/opt/ti/ccsv7/tools/compiler/ti-cgt-c2000_16.12.0.STS/lib/</path>
         <kind>archive</kind>
         <file>rts2800_fpu32.lib</file>
         <name>ll_div28.obj</name>
      </input_file>
      <input_file id="fl-4c">
         <path>/opt/ti/ccsv7/tools/compiler/ti-cgt-c2000_16.12.0.STS/lib/</path>
         <kind>archive</kind>
         <file>rts2800_fpu32.lib</file>
         <name>memcpy.obj</name>
      </input_file>
      <input_file id="fl-4d">
         <path>/opt/ti/ccsv7/tools/compiler/ti-cgt-c2000_16.12.0.STS/lib/</path>
         <kind>archive</kind>
         <file>rts2800_fpu32.lib</file>
         <name>memset.obj</name>
      </input_file>
      <input_file id="fl-4e">
         <path>/opt/ti/ccsv7/tools/compiler/ti-cgt-c2000_16.12.0.STS/lib/</path>
         <kind>archive</kind>
         <file>rts2800_fpu32.lib</file>
         <name>prolog28.obj</name>
      </input_file>
      <input_file id="fl-4f">
         <path>/opt/ti/ccsv7/tools/compiler/ti-cgt-c2000_16.12.0.STS/lib/</path>
         <kind>archive</kind>
         <file>rts2800_fpu32.lib</file>
         <name>strcat.obj</name>
      </input_file>
      <input_file id="fl-50">
         <path>/opt/ti/ccsv7/tools/compiler/ti-cgt-c2000_16.12.0.STS/lib/</path>
         <kind>archive</kind>
         <file>rts2800_fpu32.lib</file>
         <name>strcmp.obj</name>
      </input_file>
      <input_file id="fl-51">
         <path>/opt/ti/ccsv7/tools/compiler/ti-cgt-c2000_16.12.0.STS/lib/</path>
         <kind>archive</kind>
         <file>rts2800_fpu32.lib</file>
         <name>strcpy.obj</name>
      </input_file>
      <input_file id="fl-52">
         <path>/opt/ti/ccsv7/tools/compiler/ti-cgt-c2000_16.12.0.STS/lib/</path>
         <kind>archive</kind>
         <file>rts2800_fpu32.lib</file>
         <name>strlen.obj</name>
      </input_file>
      <input_file id="fl-53">
         <path>/opt/ti/ccsv7/tools/compiler/ti-cgt-c2000_16.12.0.STS/lib/</path>
         <kind>archive</kind>
         <file>rts2800_fpu32.lib</file>
         <name>strncpy.obj</name>
      </input_file>
      <input_file id="fl-54">
         <path>/opt/ti/ccsv7/tools/compiler/ti-cgt-c2000_16.12.0.STS/lib/</path>
         <kind>archive</kind>
         <file>rts2800_fpu32.lib</file>
         <name>trgdrv.obj</name>
      </input_file>
      <input_file id="fl-55">
         <path>/opt/ti/ccsv7/tools/compiler/ti-cgt-c2000_16.12.0.STS/lib/</path>
         <kind>archive</kind>
         <file>rts2800_fpu32.lib</file>
         <name>trgmsg.obj</name>
      </input_file>
   </input_file_list>
   <object_component_list>
      <object_component id="oc-ac">
         <name>DevEmuRegsFile</name>
         <uninitialized>true</uninitialized>
         <run_address>0x880</run_address>
         <size>0xd0</size>
         <input_file_ref idref="fl-9"/>
      </object_component>
      <object_component id="oc-82">
         <name>FlashRegsFile</name>
         <uninitialized>true</uninitialized>
         <run_address>0xa80</run_address>
         <size>0x8</size>
         <input_file_ref idref="fl-9"/>
      </object_component>
      <object_component id="oc-8a">
         <name>CsmRegsFile</name>
         <uninitialized>true</uninitialized>
         <run_address>0xae0</run_address>
         <size>0x10</size>
         <input_file_ref idref="fl-9"/>
      </object_component>
      <object_component id="oc-8b">
         <name>AdcMirrorFile</name>
         <uninitialized>true</uninitialized>
         <run_address>0xb00</run_address>
         <size>0x10</size>
         <input_file_ref idref="fl-9"/>
      </object_component>
      <object_component id="oc-8f">
         <name>XintfRegsFile</name>
         <uninitialized>true</uninitialized>
         <run_address>0xb20</run_address>
         <size>0x1e</size>
         <input_file_ref idref="fl-9"/>
      </object_component>
      <object_component id="oc-83">
         <name>CpuTimer0RegsFile</name>
         <uninitialized>true</uninitialized>
         <run_address>0xc00</run_address>
         <size>0x8</size>
         <input_file_ref idref="fl-9"/>
      </object_component>
      <object_component id="oc-84">
         <name>CpuTimer1RegsFile</name>
         <uninitialized>true</uninitialized>
         <run_address>0xc08</run_address>
         <size>0x8</size>
         <input_file_ref idref="fl-9"/>
      </object_component>
      <object_component id="oc-80">
         <name>CpuTimer2RegsFile</name>
         <uninitialized>true</uninitialized>
         <run_address>0xc10</run_address>
         <size>0x8</size>
         <input_file_ref idref="fl-9"/>
      </object_component>
      <object_component id="oc-8d">
         <name>PieCtrlRegsFile</name>
         <uninitialized>true</uninitialized>
         <run_address>0xce0</run_address>
         <size>0x1a</size>
         <input_file_ref idref="fl-9"/>
      </object_component>
      <object_component id="oc-ad">
         <name>DmaRegsFile</name>
         <uninitialized>true</uninitialized>
         <run_address>0x1000</run_address>
         <size>0xe0</size>
         <input_file_ref idref="fl-9"/>
      </object_component>
      <object_component id="oc-a0">
         <name>McbspaRegsFile</name>
         <uninitialized>true</uninitialized>
         <run_address>0x5000</run_address>
         <size>0x25</size>
         <input_file_ref idref="fl-9"/>
      </object_component>
      <object_component id="oc-9f">
         <name>McbspbRegsFile</name>
         <uninitialized>true</uninitialized>
         <run_address>0x5040</run_address>
         <size>0x25</size>
         <input_file_ref idref="fl-9"/>
      </object_component>
      <object_component id="oc-a2">
         <name>ECanaRegsFile</name>
         <uninitialized>true</uninitialized>
         <run_address>0x6000</run_address>
         <size>0x34</size>
         <input_file_ref idref="fl-9"/>
      </object_component>
      <object_component id="oc-a6">
         <name>ECanaLAMRegsFile</name>
         <uninitialized>true</uninitialized>
         <run_address>0x6040</run_address>
         <size>0x40</size>
         <input_file_ref idref="fl-9"/>
      </object_component>
      <object_component id="oc-af">
         <name>ECanaMboxesFile</name>
         <uninitialized>true</uninitialized>
         <run_address>0x6100</run_address>
         <size>0x100</size>
         <input_file_ref idref="fl-9"/>
      </object_component>
      <object_component id="oc-a7">
         <name>ECanaMOTSRegsFile</name>
         <uninitialized>true</uninitialized>
         <run_address>0x6080</run_address>
         <size>0x40</size>
         <input_file_ref idref="fl-9"/>
      </object_component>
      <object_component id="oc-a4">
         <name>ECanaMOTORegsFile</name>
         <uninitialized>true</uninitialized>
         <run_address>0x60c0</run_address>
         <size>0x40</size>
         <input_file_ref idref="fl-9"/>
      </object_component>
      <object_component id="oc-a3">
         <name>ECanbRegsFile</name>
         <uninitialized>true</uninitialized>
         <run_address>0x6200</run_address>
         <size>0x34</size>
         <input_file_ref idref="fl-9"/>
      </object_component>
      <object_component id="oc-ab">
         <name>ECanbLAMRegsFile</name>
         <uninitialized>true</uninitialized>
         <run_address>0x6240</run_address>
         <size>0x40</size>
         <input_file_ref idref="fl-9"/>
      </object_component>
      <object_component id="oc-ae">
         <name>ECanbMboxesFile</name>
         <uninitialized>true</uninitialized>
         <run_address>0x6300</run_address>
         <size>0x100</size>
         <input_file_ref idref="fl-9"/>
      </object_component>
      <object_component id="oc-a5">
         <name>ECanbMOTSRegsFile</name>
         <uninitialized>true</uninitialized>
         <run_address>0x6280</run_address>
         <size>0x40</size>
         <input_file_ref idref="fl-9"/>
      </object_component>
      <object_component id="oc-a8">
         <name>ECanbMOTORegsFile</name>
         <uninitialized>true</uninitialized>
         <run_address>0x62c0</run_address>
         <size>0x40</size>
         <input_file_ref idref="fl-9"/>
      </object_component>
      <object_component id="oc-9d">
         <name>EPwm1RegsFile</name>
         <uninitialized>true</uninitialized>
         <run_address>0x6800</run_address>
         <size>0x22</size>
         <input_file_ref idref="fl-9"/>
      </object_component>
      <object_component id="oc-98">
         <name>EPwm2RegsFile</name>
         <uninitialized>true</uninitialized>
         <run_address>0x6840</run_address>
         <size>0x22</size>
         <input_file_ref idref="fl-9"/>
      </object_component>
      <object_component id="oc-99">
         <name>EPwm3RegsFile</name>
         <uninitialized>true</uninitialized>
         <run_address>0x6880</run_address>
         <size>0x22</size>
         <input_file_ref idref="fl-9"/>
      </object_component>
      <object_component id="oc-9e">
         <name>EPwm4RegsFile</name>
         <uninitialized>true</uninitialized>
         <run_address>0x68c0</run_address>
         <size>0x22</size>
         <input_file_ref idref="fl-9"/>
      </object_component>
      <object_component id="oc-9b">
         <name>EPwm5RegsFile</name>
         <uninitialized>true</uninitialized>
         <run_address>0x6900</run_address>
         <size>0x22</size>
         <input_file_ref idref="fl-9"/>
      </object_component>
      <object_component id="oc-9c">
         <name>EPwm6RegsFile</name>
         <uninitialized>true</uninitialized>
         <run_address>0x6940</run_address>
         <size>0x22</size>
         <input_file_ref idref="fl-9"/>
      </object_component>
      <object_component id="oc-92">
         <name>ECap1RegsFile</name>
         <uninitialized>true</uninitialized>
         <run_address>0x6a00</run_address>
         <size>0x20</size>
         <input_file_ref idref="fl-9"/>
      </object_component>
      <object_component id="oc-93">
         <name>ECap2RegsFile</name>
         <uninitialized>true</uninitialized>
         <run_address>0x6a20</run_address>
         <size>0x20</size>
         <input_file_ref idref="fl-9"/>
      </object_component>
      <object_component id="oc-90">
         <name>ECap3RegsFile</name>
         <uninitialized>true</uninitialized>
         <run_address>0x6a40</run_address>
         <size>0x20</size>
         <input_file_ref idref="fl-9"/>
      </object_component>
      <object_component id="oc-91">
         <name>ECap4RegsFile</name>
         <uninitialized>true</uninitialized>
         <run_address>0x6a60</run_address>
         <size>0x20</size>
         <input_file_ref idref="fl-9"/>
      </object_component>
      <object_component id="oc-96">
         <name>ECap5RegsFile</name>
         <uninitialized>true</uninitialized>
         <run_address>0x6a80</run_address>
         <size>0x20</size>
         <input_file_ref idref="fl-9"/>
      </object_component>
      <object_component id="oc-97">
         <name>ECap6RegsFile</name>
         <uninitialized>true</uninitialized>
         <run_address>0x6aa0</run_address>
         <size>0x20</size>
         <input_file_ref idref="fl-9"/>
      </object_component>
      <object_component id="oc-a9">
         <name>EQep1RegsFile</name>
         <uninitialized>true</uninitialized>
         <run_address>0x6b00</run_address>
         <size>0x40</size>
         <input_file_ref idref="fl-9"/>
      </object_component>
      <object_component id="oc-aa">
         <name>EQep2RegsFile</name>
         <uninitialized>true</uninitialized>
         <run_address>0x6b40</run_address>
         <size>0x40</size>
         <input_file_ref idref="fl-9"/>
      </object_component>
      <object_component id="oc-a1">
         <name>GpioCtrlRegsFile</name>
         <uninitialized>true</uninitialized>
         <run_address>0x6f80</run_address>
         <size>0x2e</size>
         <input_file_ref idref="fl-9"/>
      </object_component>
      <object_component id="oc-94">
         <name>GpioDataRegsFile</name>
         <uninitialized>true</uninitialized>
         <run_address>0x6fc0</run_address>
         <size>0x20</size>
         <input_file_ref idref="fl-9"/>
      </object_component>
      <object_component id="oc-85">
         <name>GpioIntRegsFile</name>
         <uninitialized>true</uninitialized>
         <run_address>0x6fe0</run_address>
         <size>0xa</size>
         <input_file_ref idref="fl-9"/>
      </object_component>
      <object_component id="oc-95">
         <name>SysCtrlRegsFile</name>
         <uninitialized>true</uninitialized>
         <run_address>0x7010</run_address>
         <size>0x20</size>
         <input_file_ref idref="fl-9"/>
      </object_component>
      <object_component id="oc-86">
         <name>SpiaRegsFile</name>
         <uninitialized>true</uninitialized>
         <run_address>0x7040</run_address>
         <size>0x10</size>
         <input_file_ref idref="fl-9"/>
      </object_component>
      <object_component id="oc-89">
         <name>SciaRegsFile</name>
         <uninitialized>true</uninitialized>
         <run_address>0x7050</run_address>
         <size>0x10</size>
         <input_file_ref idref="fl-9"/>
      </object_component>
      <object_component id="oc-8c">
         <name>XIntruptRegsFile</name>
         <uninitialized>true</uninitialized>
         <run_address>0x7070</run_address>
         <size>0x10</size>
         <input_file_ref idref="fl-9"/>
      </object_component>
      <object_component id="oc-8e">
         <name>AdcRegsFile</name>
         <uninitialized>true</uninitialized>
         <run_address>0x7100</run_address>
         <size>0x1e</size>
         <input_file_ref idref="fl-9"/>
      </object_component>
      <object_component id="oc-87">
         <name>ScibRegsFile</name>
         <uninitialized>true</uninitialized>
         <run_address>0x7750</run_address>
         <size>0x10</size>
         <input_file_ref idref="fl-9"/>
      </object_component>
      <object_component id="oc-88">
         <name>ScicRegsFile</name>
         <uninitialized>true</uninitialized>
         <run_address>0x7770</run_address>
         <size>0x10</size>
         <input_file_ref idref="fl-9"/>
      </object_component>
      <object_component id="oc-9a">
         <name>I2caRegsFile</name>
         <uninitialized>true</uninitialized>
         <run_address>0x7900</run_address>
         <size>0x22</size>
         <input_file_ref idref="fl-9"/>
      </object_component>
      <object_component id="oc-81">
         <name>CsmPwlFile</name>
         <uninitialized>true</uninitialized>
         <run_address>0x33fff8</run_address>
         <size>0x8</size>
         <input_file_ref idref="fl-9"/>
      </object_component>
      <object_component id="oc-7f">
         <name>PartIdRegsFile</name>
         <uninitialized>true</uninitialized>
         <run_address>0x380090</run_address>
         <size>0x1</size>
         <input_file_ref idref="fl-9"/>
      </object_component>
      <object_component id="oc-bd">
         <name>.cinit</name>
         <load_address>0x33b1a6</load_address>
         <run_address>0x33b1a6</run_address>
         <size>0x3e0</size>
         <input_file_ref idref="fl-f"/>
      </object_component>
      <object_component id="oc-71">
         <name>.cinit</name>
         <load_address>0x33b586</load_address>
         <run_address>0x33b586</run_address>
         <size>0x21</size>
         <input_file_ref idref="fl-7"/>
      </object_component>
      <object_component id="oc-16c">
         <name>.cinit</name>
         <load_address>0x33b5a7</load_address>
         <run_address>0x33b5a7</run_address>
         <size>0xe</size>
         <input_file_ref idref="fl-49"/>
      </object_component>
      <object_component id="oc-ec">
         <name>.cinit</name>
         <load_address>0x33b5b5</load_address>
         <run_address>0x33b5b5</run_address>
         <size>0x9</size>
         <input_file_ref idref="fl-24"/>
      </object_component>
      <object_component id="oc-25e">
         <name>.cinit:__lock</name>
         <load_address>0x33b5be</load_address>
         <run_address>0x33b5be</run_address>
         <size>0x5</size>
         <input_file_ref idref="fl-45"/>
      </object_component>
      <object_component id="oc-25d">
         <name>.cinit:__unlock</name>
         <load_address>0x33b5c3</load_address>
         <run_address>0x33b5c3</run_address>
         <size>0x5</size>
         <input_file_ref idref="fl-45"/>
      </object_component>
      <object_component id="oc-51">
         <name>.cinit</name>
         <load_address>0x33b5c8</load_address>
         <run_address>0x33b5c8</run_address>
         <size>0x4</size>
         <input_file_ref idref="fl-2"/>
      </object_component>
      <object_component id="oc-59">
         <name>.cinit</name>
         <load_address>0x33b5cc</load_address>
         <run_address>0x33b5cc</run_address>
         <size>0x4</size>
         <input_file_ref idref="fl-3"/>
      </object_component>
      <object_component id="oc-313">
         <name>.text</name>
         <load_address>0x338000</load_address>
         <run_address>0x338000</run_address>
         <size>0x27c</size>
         <input_file_ref idref="fl-54"/>
      </object_component>
      <object_component id="oc-296">
         <name>.text:_xdc_runtime_System_doPrint__I</name>
         <load_address>0x33827c</load_address>
         <run_address>0x33827c</run_address>
         <size>0x252</size>
         <input_file_ref idref="fl-2f"/>
      </object_component>
      <object_component id="oc-1b8">
         <name>.text</name>
         <load_address>0x3384ce</load_address>
         <run_address>0x3384ce</run_address>
         <size>0x10a</size>
         <input_file_ref idref="fl-7"/>
      </object_component>
      <object_component id="oc-177">
         <name>.text</name>
         <load_address>0x3385d8</load_address>
         <run_address>0x3385d8</run_address>
         <size>0x107</size>
         <input_file_ref idref="fl-4b"/>
      </object_component>
      <object_component id="oc-1ea">
         <name>.text</name>
         <load_address>0x3386df</load_address>
         <run_address>0x3386df</run_address>
         <size>0xfd</size>
         <input_file_ref idref="fl-a"/>
      </object_component>
      <object_component id="oc-222">
         <name>.text:_ti_uia_loggers_LoggerStopMode_write8__E</name>
         <load_address>0x3387dc</load_address>
         <run_address>0x3387dc</run_address>
         <size>0xec</size>
         <input_file_ref idref="fl-f"/>
      </object_component>
      <object_component id="oc-22d">
         <name>.text:_ti_uia_loggers_LoggerStopMode_writeMemoryRange__E</name>
         <load_address>0x3388c8</load_address>
         <run_address>0x3388c8</run_address>
         <size>0xec</size>
         <input_file_ref idref="fl-f"/>
      </object_component>
      <object_component id="oc-221">
         <name>.text:_ti_uia_loggers_LoggerStopMode_write4__E</name>
         <load_address>0x3389b4</load_address>
         <run_address>0x3389b4</run_address>
         <size>0xdc</size>
         <input_file_ref idref="fl-f"/>
      </object_component>
      <object_component id="oc-1fe">
         <name>.text:_xdc_runtime_LoggerBuf_write8__E</name>
         <load_address>0x338a90</load_address>
         <run_address>0x338a90</run_address>
         <size>0xd2</size>
         <input_file_ref idref="fl-2c"/>
      </object_component>
      <object_component id="oc-220">
         <name>.text:_ti_uia_loggers_LoggerStopMode_write2__E</name>
         <load_address>0x338b62</load_address>
         <run_address>0x338b62</run_address>
         <size>0xd0</size>
         <input_file_ref idref="fl-f"/>
      </object_component>
      <object_component id="oc-21f">
         <name>.text:_ti_uia_loggers_LoggerStopMode_write1__E</name>
         <load_address>0x338c32</load_address>
         <run_address>0x338c32</run_address>
         <size>0xc8</size>
         <input_file_ref idref="fl-f"/>
      </object_component>
      <object_component id="oc-23b">
         <name>.text:_xdc_runtime_Core_createObject__I</name>
         <load_address>0x338cfa</load_address>
         <run_address>0x338cfa</run_address>
         <size>0xc3</size>
         <input_file_ref idref="fl-26"/>
      </object_component>
      <object_component id="oc-33b">
         <name>.text:_ti_sysbios_family_c28_Hwi_dispatchCore__I</name>
         <load_address>0x338dbd</load_address>
         <run_address>0x338dbd</run_address>
         <size>0xc0</size>
         <input_file_ref idref="fl-1d"/>
      </object_component>
      <object_component id="oc-2e1">
         <name>.text:_xdc_runtime_System_printfExtend__I</name>
         <load_address>0x338e7d</load_address>
         <run_address>0x338e7d</run_address>
         <size>0xc0</size>
         <input_file_ref idref="fl-f"/>
      </object_component>
      <object_component id="oc-21e">
         <name>.text:_ti_uia_loggers_LoggerStopMode_write0__E</name>
         <load_address>0x338f3d</load_address>
         <run_address>0x338f3d</run_address>
         <size>0xbb</size>
         <input_file_ref idref="fl-f"/>
      </object_component>
      <object_component id="oc-1bf">
         <name>.text</name>
         <load_address>0x338ff8</load_address>
         <run_address>0x338ff8</run_address>
         <size>0xb6</size>
         <input_file_ref idref="fl-2"/>
      </object_component>
      <object_component id="oc-1c3">
         <name>.text:_ti_sysbios_knl_Clock_workFunc__E</name>
         <load_address>0x3390ae</load_address>
         <run_address>0x3390ae</run_address>
         <size>0xb6</size>
         <input_file_ref idref="fl-1d"/>
      </object_component>
      <object_component id="oc-2d8">
         <name>.text:_ti_sysbios_knl_Swi_run__I</name>
         <load_address>0x339164</load_address>
         <run_address>0x339164</run_address>
         <size>0xaf</size>
         <input_file_ref idref="fl-1d"/>
      </object_component>
      <object_component id="oc-1e3">
         <name>.text:_ti_sysbios_heaps_HeapMem_alloc__E</name>
         <load_address>0x339213</load_address>
         <run_address>0x339213</run_address>
         <size>0xa2</size>
         <input_file_ref idref="fl-1d"/>
      </object_component>
      <object_component id="oc-27a">
         <name>.text:_xdc_runtime_Error_policyDefault__E</name>
         <load_address>0x3392b5</load_address>
         <run_address>0x3392b5</run_address>
         <size>0x9c</size>
         <input_file_ref idref="fl-2a"/>
      </object_component>
      <object_component id="oc-319">
         <name>.text:_ti_sysbios_family_c28_Hwi_dispatch</name>
         <load_address>0x339351</load_address>
         <run_address>0x339351</run_address>
         <size>0x9b</size>
         <input_file_ref idref="fl-1f"/>
      </object_component>
      <object_component id="oc-1b5">
         <name>.text</name>
         <load_address>0x3393ec</load_address>
         <run_address>0x3393ec</run_address>
         <size>0x97</size>
         <input_file_ref idref="fl-3"/>
      </object_component>
      <object_component id="oc-73">
         <name>.text:retain</name>
         <load_address>0x339483</load_address>
         <run_address>0x339483</run_address>
         <size>0x94</size>
         <input_file_ref idref="fl-7"/>
      </object_component>
      <object_component id="oc-267">
         <name>.text:_ti_sysbios_BIOS_nullFunc__I</name>
         <load_address>0x339517</load_address>
         <run_address>0x339517</run_address>
         <size>0x1</size>
         <input_file_ref idref="fl-f"/>
      </object_component>
      <object_component id="oc-322">
         <name>.text</name>
         <load_address>0x339518</load_address>
         <run_address>0x339518</run_address>
         <size>0x94</size>
         <input_file_ref idref="fl-55"/>
      </object_component>
      <object_component id="oc-2a2">
         <name>.text:_ti_sysbios_family_c28_Hwi_clearInterrupt__E</name>
         <load_address>0x3395ac</load_address>
         <run_address>0x3395ac</run_address>
         <size>0x8b</size>
         <input_file_ref idref="fl-1d"/>
      </object_component>
      <object_component id="oc-1fd">
         <name>.text:_xdc_runtime_LoggerBuf_write4__E</name>
         <load_address>0x339637</load_address>
         <run_address>0x339637</run_address>
         <size>0x8b</size>
         <input_file_ref idref="fl-2c"/>
      </object_component>
      <object_component id="oc-172">
         <name>.text</name>
         <load_address>0x3396c2</load_address>
         <run_address>0x3396c2</run_address>
         <size>0x88</size>
         <input_file_ref idref="fl-4a"/>
      </object_component>
      <object_component id="oc-277">
         <name>.text:_ti_uia_loggers_LoggerStopMode_flush__E</name>
         <load_address>0x33974a</load_address>
         <run_address>0x33974a</run_address>
         <size>0x7d</size>
         <input_file_ref idref="fl-1c"/>
      </object_component>
      <object_component id="oc-27f">
         <name>.text:_xdc_runtime_Startup_startMods__I</name>
         <load_address>0x3397c7</load_address>
         <run_address>0x3397c7</run_address>
         <size>0x7d</size>
         <input_file_ref idref="fl-2e"/>
      </object_component>
      <object_component id="oc-317">
         <name>.text:_ti_sysbios_utils_Load_updateLoads__E</name>
         <load_address>0x339844</load_address>
         <run_address>0x339844</run_address>
         <size>0x73</size>
         <input_file_ref idref="fl-1d"/>
      </object_component>
      <object_component id="oc-2f9">
         <name>.text:_xdc_runtime_Text_putSite__E</name>
         <load_address>0x3398b7</load_address>
         <run_address>0x3398b7</run_address>
         <size>0x6f</size>
         <input_file_ref idref="fl-31"/>
      </object_component>
      <object_component id="oc-31a">
         <name>.text:_ti_sysbios_family_c28_Timer_stopAndClear__I</name>
         <load_address>0x339926</load_address>
         <run_address>0x339926</run_address>
         <size>0x66</size>
         <input_file_ref idref="fl-1d"/>
      </object_component>
      <object_component id="oc-4e">
         <name>.text</name>
         <load_address>0x33998c</load_address>
         <run_address>0x33998c</run_address>
         <size>0x63</size>
         <input_file_ref idref="fl-37"/>
      </object_component>
      <object_component id="oc-21a">
         <name>.text:_ti_sysbios_knl_Swi_post__E</name>
         <load_address>0x3399ef</load_address>
         <run_address>0x3399ef</run_address>
         <size>0x60</size>
         <input_file_ref idref="fl-1d"/>
      </object_component>
      <object_component id="oc-1e4">
         <name>.text:_ti_sysbios_heaps_HeapMem_free__E</name>
         <load_address>0x339a4f</load_address>
         <run_address>0x339a4f</run_address>
         <size>0x59</size>
         <input_file_ref idref="fl-1d"/>
      </object_component>
      <object_component id="oc-311">
         <name>.text:_ti_uia_loggers_LoggerStopMode_initQueueDescriptor__E</name>
         <load_address>0x339aa8</load_address>
         <run_address>0x339aa8</run_address>
         <size>0x58</size>
         <input_file_ref idref="fl-1c"/>
      </object_component>
      <object_component id="oc-29a">
         <name>.text:_xdc_runtime_Memory_alloc__E</name>
         <load_address>0x339b00</load_address>
         <run_address>0x339b00</run_address>
         <size>0x57</size>
         <input_file_ref idref="fl-2d"/>
      </object_component>
      <object_component id="oc-2f8">
         <name>.text:_xdc_runtime_Text_putLab__E</name>
         <load_address>0x339b57</load_address>
         <run_address>0x339b57</run_address>
         <size>0x4f</size>
         <input_file_ref idref="fl-31"/>
      </object_component>
      <object_component id="oc-298">
         <name>.text:_ti_sysbios_family_c28_TimestampProvider_get64__E</name>
         <load_address>0x339ba6</load_address>
         <run_address>0x339ba6</run_address>
         <size>0x48</size>
         <input_file_ref idref="fl-1d"/>
      </object_component>
      <object_component id="oc-2f0">
         <name>.text:_ti_sysbios_family_c28_Hwi_Module_startup__E</name>
         <load_address>0x339bee</load_address>
         <run_address>0x339bee</run_address>
         <size>0x47</size>
         <input_file_ref idref="fl-1d"/>
      </object_component>
      <object_component id="oc-23d">
         <name>.text:_xdc_runtime_Core_deleteObject__I</name>
         <load_address>0x339c35</load_address>
         <run_address>0x339c35</run_address>
         <size>0x46</size>
         <input_file_ref idref="fl-26"/>
      </object_component>
      <object_component id="oc-30a">
         <name>.text:_ti_sysbios_family_c28_Timer_postInit__I</name>
         <load_address>0x339c7b</load_address>
         <run_address>0x339c7b</run_address>
         <size>0x43</size>
         <input_file_ref idref="fl-1d"/>
      </object_component>
      <object_component id="oc-5b">
         <name>.text:retain</name>
         <load_address>0x339cbe</load_address>
         <run_address>0x339cbe</run_address>
         <size>0x43</size>
         <input_file_ref idref="fl-3"/>
      </object_component>
      <object_component id="oc-cd">
         <name>.text:_ti_sysbios_family_c28_Hwi_unPluggedInterrupt__I</name>
         <load_address>0x339d01</load_address>
         <run_address>0x339d01</run_address>
         <size>0x42</size>
         <input_file_ref idref="fl-1d"/>
      </object_component>
      <object_component id="oc-2e5">
         <name>.text:_ti_sysbios_utils_Load_idleFxn__E</name>
         <load_address>0x339d43</load_address>
         <run_address>0x339d43</run_address>
         <size>0x41</size>
         <input_file_ref idref="fl-1d"/>
      </object_component>
      <object_component id="oc-201">
         <name>.text:_xdc_runtime_LoggerBuf_Object__create__S</name>
         <load_address>0x339d84</load_address>
         <run_address>0x339d84</run_address>
         <size>0x40</size>
         <input_file_ref idref="fl-f"/>
      </object_component>
      <object_component id="oc-2c8">
         <name>.text:_xdc_runtime_System_formatNum__I</name>
         <load_address>0x339dc4</load_address>
         <run_address>0x339dc4</run_address>
         <size>0x3f</size>
         <input_file_ref idref="fl-2f"/>
      </object_component>
      <object_component id="oc-345">
         <name>.text:_ti_sysbios_knl_Swi_restoreHwi__E</name>
         <load_address>0x339e03</load_address>
         <run_address>0x339e03</run_address>
         <size>0x3e</size>
         <input_file_ref idref="fl-1d"/>
      </object_component>
      <object_component id="oc-314">
         <name>.text:_xdc_runtime_Text_putMod__E</name>
         <load_address>0x339e41</load_address>
         <run_address>0x339e41</run_address>
         <size>0x3e</size>
         <input_file_ref idref="fl-31"/>
      </object_component>
      <object_component id="oc-321">
         <name>.text:_ti_uia_runtime_QueueDescriptor_addToList__E</name>
         <load_address>0x339e7f</load_address>
         <run_address>0x339e7f</run_address>
         <size>0x3d</size>
         <input_file_ref idref="fl-24"/>
      </object_component>
      <object_component id="oc-28b">
         <name>.text:_xdc_runtime_Core_assignParams__I</name>
         <load_address>0x339ebc</load_address>
         <run_address>0x339ebc</run_address>
         <size>0x3d</size>
         <input_file_ref idref="fl-29"/>
      </object_component>
      <object_component id="oc-200">
         <name>.text:_xdc_runtime_LoggerBuf_getFilterLevel__E</name>
         <load_address>0x339ef9</load_address>
         <run_address>0x339ef9</run_address>
         <size>0x3d</size>
         <input_file_ref idref="fl-2c"/>
      </object_component>
      <object_component id="oc-1ff">
         <name>.text:_xdc_runtime_LoggerBuf_setFilterLevel__E</name>
         <load_address>0x339f36</load_address>
         <run_address>0x339f36</run_address>
         <size>0x3c</size>
         <input_file_ref idref="fl-2c"/>
      </object_component>
      <object_component id="oc-330">
         <name>.text:_ti_sysbios_utils_Load_logCPULoad__I</name>
         <load_address>0x339f72</load_address>
         <run_address>0x339f72</run_address>
         <size>0x37</size>
         <input_file_ref idref="fl-1d"/>
      </object_component>
      <object_component id="oc-218">
         <name>.text:_ti_sysbios_knl_Clock_logTick__E</name>
         <load_address>0x339fa9</load_address>
         <run_address>0x339fa9</run_address>
         <size>0x36</size>
         <input_file_ref idref="fl-1d"/>
      </object_component>
      <object_component id="oc-258">
         <name>.text:_xdc_runtime_LoggerBuf_Instance_init__E</name>
         <load_address>0x339fdf</load_address>
         <run_address>0x339fdf</run_address>
         <size>0x36</size>
         <input_file_ref idref="fl-2c"/>
      </object_component>
      <object_component id="oc-2a3">
         <name>.text:_ti_sysbios_family_c28_Hwi_enableInterrupt__E</name>
         <load_address>0x33a015</load_address>
         <run_address>0x33a015</run_address>
         <size>0x33</size>
         <input_file_ref idref="fl-1d"/>
      </object_component>
      <object_component id="oc-249">
         <name>.text:_ti_sysbios_heaps_HeapMem_Instance_init__E</name>
         <load_address>0x33a048</load_address>
         <run_address>0x33a048</run_address>
         <size>0x32</size>
         <input_file_ref idref="fl-1d"/>
      </object_component>
      <object_component id="oc-28a">
         <name>.text:_xdc_runtime_Assert_raise__I</name>
         <load_address>0x33a07a</load_address>
         <run_address>0x33a07a</run_address>
         <size>0x32</size>
         <input_file_ref idref="fl-25"/>
      </object_component>
      <object_component id="oc-297">
         <name>.text:_ti_sysbios_family_c28_TimestampProvider_get32__E</name>
         <load_address>0x33a0ac</load_address>
         <run_address>0x33a0ac</run_address>
         <size>0x31</size>
         <input_file_ref idref="fl-1d"/>
      </object_component>
      <object_component id="oc-1b2">
         <name>.text:_xdc_runtime_Startup_exec__E</name>
         <load_address>0x33a0dd</load_address>
         <run_address>0x33a0dd</run_address>
         <size>0x31</size>
         <input_file_ref idref="fl-2e"/>
      </object_component>
      <object_component id="oc-2f5">
         <name>.text:_ti_uia_loggers_LoggerStopMode_Module_startup__E</name>
         <load_address>0x33a10e</load_address>
         <run_address>0x33a10e</run_address>
         <size>0x30</size>
         <input_file_ref idref="fl-1c"/>
      </object_component>
      <object_component id="oc-2aa">
         <name>.text:_xdc_runtime_Error_setX__E</name>
         <load_address>0x33a13e</load_address>
         <run_address>0x33a13e</run_address>
         <size>0x30</size>
         <input_file_ref idref="fl-2a"/>
      </object_component>
      <object_component id="oc-1cb">
         <name>.text:.bootCodeSection:_ti_catalog_c2800_init_Boot_configurePll2802x</name>
         <load_address>0x33a16e</load_address>
         <run_address>0x33a16e</run_address>
         <size>0x2e</size>
         <input_file_ref idref="fl-22"/>
      </object_component>
      <object_component id="oc-2a6">
         <name>.text:_ti_sysbios_knl_Swi_runLoop__I</name>
         <load_address>0x33a19c</load_address>
         <run_address>0x33a19c</run_address>
         <size>0x2e</size>
         <input_file_ref idref="fl-1d"/>
      </object_component>
      <object_component id="oc-2e9">
         <name>.text:_xdc_runtime_Error_print__E</name>
         <load_address>0x33a1ca</load_address>
         <run_address>0x33a1ca</run_address>
         <size>0x2e</size>
         <input_file_ref idref="fl-2a"/>
      </object_component>
      <object_component id="oc-2e3">
         <name>.text:_ti_sysbios_family_c28_Hwi_getInterruptFlag__E</name>
         <load_address>0x33a1f8</load_address>
         <run_address>0x33a1f8</run_address>
         <size>0x2d</size>
         <input_file_ref idref="fl-1d"/>
      </object_component>
      <object_component id="oc-1e6">
         <name>.text:_ti_sysbios_heaps_HeapMem_getStats__E</name>
         <load_address>0x33a225</load_address>
         <run_address>0x33a225</run_address>
         <size>0x2d</size>
         <input_file_ref idref="fl-1d"/>
      </object_component>
      <object_component id="oc-2dd">
         <name>.text:_ti_sysbios_family_c28_Hwi_getStackInfo__E</name>
         <load_address>0x33a252</load_address>
         <run_address>0x33a252</run_address>
         <size>0x2c</size>
         <input_file_ref idref="fl-1d"/>
      </object_component>
      <object_component id="oc-264">
         <name>.text:_ti_sysbios_family_c28_Timer_start__E</name>
         <load_address>0x33a27e</load_address>
         <run_address>0x33a27e</run_address>
         <size>0x2c</size>
         <input_file_ref idref="fl-1d"/>
      </object_component>
      <object_component id="oc-2d4">
         <name>.text:_ti_sysbios_family_c28_Hwi_disablePIEIER__E</name>
         <load_address>0x33a2aa</load_address>
         <run_address>0x33a2aa</run_address>
         <size>0x2b</size>
         <input_file_ref idref="fl-1d"/>
      </object_component>
      <object_component id="oc-2d3">
         <name>.text:_ti_sysbios_family_c28_Hwi_enablePIEIER__E</name>
         <load_address>0x33a2d5</load_address>
         <run_address>0x33a2d5</run_address>
         <size>0x2a</size>
         <input_file_ref idref="fl-1d"/>
      </object_component>
      <object_component id="oc-22c">
         <name>.text:_ti_uia_loggers_LoggerStopMode_reset__E</name>
         <load_address>0x33a2ff</load_address>
         <run_address>0x33a2ff</run_address>
         <size>0x2a</size>
         <input_file_ref idref="fl-1c"/>
      </object_component>
      <object_component id="oc-2cc">
         <name>.text:_ti_sysbios_family_c28_Timer_getExpiredCounts64__E</name>
         <load_address>0x33a329</load_address>
         <run_address>0x33a329</run_address>
         <size>0x29</size>
         <input_file_ref idref="fl-1d"/>
      </object_component>
      <object_component id="oc-2bd">
         <name>.text:_xdc_runtime_SysMin_flush__E</name>
         <load_address>0x33a352</load_address>
         <run_address>0x33a352</run_address>
         <size>0x29</size>
         <input_file_ref idref="fl-30"/>
      </object_component>
      <object_component id="oc-315">
         <name>.text:_xdc_runtime_Text_xprintf__I</name>
         <load_address>0x33a37b</load_address>
         <run_address>0x33a37b</run_address>
         <size>0x29</size>
         <input_file_ref idref="fl-31"/>
      </object_component>
      <object_component id="oc-283">
         <name>.text</name>
         <load_address>0x33a3a4</load_address>
         <run_address>0x33a3a4</run_address>
         <size>0x29</size>
         <input_file_ref idref="fl-49"/>
      </object_component>
      <object_component id="oc-6b">
         <name>.text:retain</name>
         <load_address>0x33a3cd</load_address>
         <run_address>0x33a3cd</run_address>
         <size>0x28</size>
         <input_file_ref idref="fl-6"/>
      </object_component>
      <object_component id="oc-27d">
         <name>.text:_ti_sysbios_heaps_HeapMem_init__I</name>
         <load_address>0x33a3f5</load_address>
         <run_address>0x33a3f5</run_address>
         <size>0x27</size>
         <input_file_ref idref="fl-1d"/>
      </object_component>
      <object_component id="oc-2cb">
         <name>.text:_ti_sysbios_family_c28_Timer_getExpiredCounts__E</name>
         <load_address>0x33a41c</load_address>
         <run_address>0x33a41c</run_address>
         <size>0x25</size>
         <input_file_ref idref="fl-1d"/>
      </object_component>
      <object_component id="oc-2a9">
         <name>.text:_ti_uia_loggers_LoggerStopMode_initBuffer__I</name>
         <load_address>0x33a441</load_address>
         <run_address>0x33a441</run_address>
         <size>0x25</size>
         <input_file_ref idref="fl-1c"/>
      </object_component>
      <object_component id="oc-332">
         <name>.text:_ti_sysbios_family_c28_Hwi_disableInterrupt__E</name>
         <load_address>0x33a466</load_address>
         <run_address>0x33a466</run_address>
         <size>0x24</size>
         <input_file_ref idref="fl-1d"/>
      </object_component>
      <object_component id="oc-1d0">
         <name>.text:_xdc_runtime_System_processAtExit__E</name>
         <load_address>0x33a48a</load_address>
         <run_address>0x33a48a</run_address>
         <size>0x24</size>
         <input_file_ref idref="fl-2f"/>
      </object_component>
      <object_component id="oc-1b1">
         <name>.text</name>
         <load_address>0x33a4ae</load_address>
         <run_address>0x33a4ae</run_address>
         <size>0x24</size>
         <input_file_ref idref="fl-47"/>
      </object_component>
      <object_component id="oc-271">
         <name>.text:_ti_sysbios_knl_Swi_schedule__I</name>
         <load_address>0x33a4d2</load_address>
         <run_address>0x33a4d2</run_address>
         <size>0x22</size>
         <input_file_ref idref="fl-1d"/>
      </object_component>
      <object_component id="oc-24e">
         <name>.text:_xdc_runtime_LoggerBuf_filterOutEvent__I</name>
         <load_address>0x33a4f4</load_address>
         <run_address>0x33a4f4</run_address>
         <size>0x21</size>
         <input_file_ref idref="fl-2c"/>
      </object_component>
      <object_component id="oc-205">
         <name>.text:_xdc_runtime_System_atexit__E</name>
         <load_address>0x33a515</load_address>
         <run_address>0x33a515</run_address>
         <size>0x21</size>
         <input_file_ref idref="fl-2f"/>
      </object_component>
      <object_component id="oc-31c">
         <name>.text:_ti_sysbios_family_c28_Timer_setPrescale__E</name>
         <load_address>0x33a536</load_address>
         <run_address>0x33a536</run_address>
         <size>0x20</size>
         <input_file_ref idref="fl-1d"/>
      </object_component>
      <object_component id="oc-1d9">
         <name>.text:_ti_sysbios_gates_GateHwi_Object__create__S</name>
         <load_address>0x33a556</load_address>
         <run_address>0x33a556</run_address>
         <size>0x1e</size>
         <input_file_ref idref="fl-f"/>
      </object_component>
      <object_component id="oc-1df">
         <name>.text:_ti_sysbios_gates_GateSwi_Object__create__S</name>
         <load_address>0x33a574</load_address>
         <run_address>0x33a574</run_address>
         <size>0x1e</size>
         <input_file_ref idref="fl-f"/>
      </object_component>
      <object_component id="oc-1e7">
         <name>.text:_ti_sysbios_heaps_HeapMem_Object__create__S</name>
         <load_address>0x33a592</load_address>
         <run_address>0x33a592</run_address>
         <size>0x1e</size>
         <input_file_ref idref="fl-f"/>
      </object_component>
      <object_component id="oc-22e">
         <name>.text:_ti_uia_loggers_LoggerStopMode_Object__create__S</name>
         <load_address>0x33a5b0</load_address>
         <run_address>0x33a5b0</run_address>
         <size>0x1e</size>
         <input_file_ref idref="fl-f"/>
      </object_component>
      <object_component id="oc-2fa">
         <name>.text:_xdc_runtime_SysMin_putch__E</name>
         <load_address>0x33a5ce</load_address>
         <run_address>0x33a5ce</run_address>
         <size>0x1e</size>
         <input_file_ref idref="fl-30"/>
      </object_component>
      <object_component id="oc-1cc">
         <name>.text</name>
         <load_address>0x33a5ec</load_address>
         <run_address>0x33a5ec</run_address>
         <size>0x1e</size>
         <input_file_ref idref="fl-4c"/>
      </object_component>
      <object_component id="oc-1d4">
         <name>.text</name>
         <load_address>0x33a60a</load_address>
         <run_address>0x33a60a</run_address>
         <size>0x1e</size>
         <input_file_ref idref="fl-53"/>
      </object_component>
      <object_component id="oc-2e4">
         <name>.text:_ti_sysbios_hal_Hwi_checkStack</name>
         <load_address>0x33a628</load_address>
         <run_address>0x33a628</run_address>
         <size>0x1c</size>
         <input_file_ref idref="fl-1d"/>
      </object_component>
      <object_component id="oc-2f7">
         <name>.text:_xdc_runtime_SysMin_output__I</name>
         <load_address>0x33a644</load_address>
         <run_address>0x33a644</run_address>
         <size>0x1c</size>
         <input_file_ref idref="fl-f"/>
      </object_component>
      <object_component id="oc-339">
         <name>.text:_ti_sysbios_family_c28_Hwi_switchAndDispatch__I</name>
         <load_address>0x33a660</load_address>
         <run_address>0x33a660</run_address>
         <size>0x1b</size>
         <input_file_ref idref="fl-1e"/>
      </object_component>
      <object_component id="oc-27e">
         <name>.text:_ti_sysbios_hal_Hwi_initStack</name>
         <load_address>0x33a67b</load_address>
         <run_address>0x33a67b</run_address>
         <size>0x1b</size>
         <input_file_ref idref="fl-1d"/>
      </object_component>
      <object_component id="oc-32b">
         <name>.text:_ti_sysbios_utils_Load_updateCurrentThreadTime__E</name>
         <load_address>0x33a696</load_address>
         <run_address>0x33a696</run_address>
         <size>0x1a</size>
         <input_file_ref idref="fl-1d"/>
      </object_component>
      <object_component id="oc-23e">
         <name>.text:_xdc_runtime_Core_assignLabel__I</name>
         <load_address>0x33a6b0</load_address>
         <run_address>0x33a6b0</run_address>
         <size>0x1a</size>
         <input_file_ref idref="fl-28"/>
      </object_component>
      <object_component id="oc-318">
         <name>.text:_xdc_runtime_System_avprintf__E</name>
         <load_address>0x33a6ca</load_address>
         <run_address>0x33a6ca</run_address>
         <size>0x1a</size>
         <input_file_ref idref="fl-2f"/>
      </object_component>
      <object_component id="oc-2c9">
         <name>.text:_xdc_runtime_System_putchar__I</name>
         <load_address>0x33a6e4</load_address>
         <run_address>0x33a6e4</run_address>
         <size>0x1a</size>
         <input_file_ref idref="fl-2f"/>
      </object_component>
      <object_component id="oc-24a">
         <name>.text:_xdc_runtime_System_vprintf__E</name>
         <load_address>0x33a6fe</load_address>
         <run_address>0x33a6fe</run_address>
         <size>0x19</size>
         <input_file_ref idref="fl-2f"/>
      </object_component>
      <object_component id="oc-327">
         <name>.text:_xdc_runtime_Text_printVisFxn__I</name>
         <load_address>0x33a717</load_address>
         <run_address>0x33a717</run_address>
         <size>0x19</size>
         <input_file_ref idref="fl-31"/>
      </object_component>
      <object_component id="oc-1b3">
         <name>.text</name>
         <load_address>0x33a730</load_address>
         <run_address>0x33a730</run_address>
         <size>0x19</size>
         <input_file_ref idref="fl-46"/>
      </object_component>
      <object_component id="oc-186">
         <name>.text</name>
         <load_address>0x33a749</load_address>
         <run_address>0x33a749</run_address>
         <size>0x19</size>
         <input_file_ref idref="fl-4e"/>
      </object_component>
      <object_component id="oc-2ec">
         <name>.text:_xdc_runtime_LoggerBuf_Module_startup__E</name>
         <load_address>0x33a762</load_address>
         <run_address>0x33a762</run_address>
         <size>0x18</size>
         <input_file_ref idref="fl-2c"/>
      </object_component>
      <object_component id="oc-29b">
         <name>.text:_xdc_runtime_LoggerBuf_reset__E</name>
         <load_address>0x33a77a</load_address>
         <run_address>0x33a77a</run_address>
         <size>0x18</size>
         <input_file_ref idref="fl-2c"/>
      </object_component>
      <object_component id="oc-207">
         <name>.text:_ti_sysbios_family_c28_Timer_startup__E</name>
         <load_address>0x33a792</load_address>
         <run_address>0x33a792</run_address>
         <size>0x17</size>
         <input_file_ref idref="fl-1d"/>
      </object_component>
      <object_component id="oc-1c5">
         <name>.text:_ti_sysbios_knl_Clock_doTick__I</name>
         <load_address>0x33a7a9</load_address>
         <run_address>0x33a7a9</run_address>
         <size>0x17</size>
         <input_file_ref idref="fl-f"/>
      </object_component>
      <object_component id="oc-2c1">
         <name>.text:_xdc_runtime_Memory_valloc__E</name>
         <load_address>0x33a7c0</load_address>
         <run_address>0x33a7c0</run_address>
         <size>0x17</size>
         <input_file_ref idref="fl-2d"/>
      </object_component>
      <object_component id="oc-2f1">
         <name>.text:_ti_sysbios_family_c28_Timer_Module_startup__E</name>
         <load_address>0x33a7d7</load_address>
         <run_address>0x33a7d7</run_address>
         <size>0x16</size>
         <input_file_ref idref="fl-1d"/>
      </object_component>
      <object_component id="oc-2ea">
         <name>.text:_xdc_runtime_SysMin_abort__E</name>
         <load_address>0x33a7ed</load_address>
         <run_address>0x33a7ed</run_address>
         <size>0x16</size>
         <input_file_ref idref="fl-30"/>
      </object_component>
      <object_component id="oc-2f3">
         <name>.text:_ti_sysbios_knl_Swi_Module_startup__E</name>
         <load_address>0x33a803</load_address>
         <run_address>0x33a803</run_address>
         <size>0x15</size>
         <input_file_ref idref="fl-1d"/>
      </object_component>
      <object_component id="oc-204">
         <name>.text:_ti_sysbios_BIOS_atExitFunc__I</name>
         <load_address>0x33a818</load_address>
         <run_address>0x33a818</run_address>
         <size>0x14</size>
         <input_file_ref idref="fl-f"/>
      </object_component>
      <object_component id="oc-266">
         <name>.text:_ti_sysbios_knl_Idle_run__E</name>
         <load_address>0x33a82c</load_address>
         <run_address>0x33a82c</run_address>
         <size>0x14</size>
         <input_file_ref idref="fl-1d"/>
      </object_component>
      <object_component id="oc-1c1">
         <name>.text:_ti_sysbios_BIOS_startFunc__I</name>
         <load_address>0x33a840</load_address>
         <run_address>0x33a840</run_address>
         <size>0x13</size>
         <input_file_ref idref="fl-f"/>
      </object_component>
      <object_component id="oc-279">
         <name>.text:_ti_uia_loggers_LoggerStopMode_Instance_init__E</name>
         <load_address>0x33a853</load_address>
         <run_address>0x33a853</run_address>
         <size>0x13</size>
         <input_file_ref idref="fl-1c"/>
      </object_component>
      <object_component id="oc-1c9">
         <name>.text:_xdc_runtime_Error_raiseX__E</name>
         <load_address>0x33a866</load_address>
         <run_address>0x33a866</run_address>
         <size>0x13</size>
         <input_file_ref idref="fl-2a"/>
      </object_component>
      <object_component id="oc-28e">
         <name>.text:_xdc_runtime_Text_cordText__E</name>
         <load_address>0x33a879</load_address>
         <run_address>0x33a879</run_address>
         <size>0x13</size>
         <input_file_ref idref="fl-31"/>
      </object_component>
      <object_component id="oc-1da">
         <name>.text:_ti_sysbios_gates_GateHwi_Object__delete__S</name>
         <load_address>0x33a88c</load_address>
         <run_address>0x33a88c</run_address>
         <size>0x12</size>
         <input_file_ref idref="fl-f"/>
      </object_component>
      <object_component id="oc-1e0">
         <name>.text:_ti_sysbios_gates_GateSwi_Object__delete__S</name>
         <load_address>0x33a89e</load_address>
         <run_address>0x33a89e</run_address>
         <size>0x12</size>
         <input_file_ref idref="fl-f"/>
      </object_component>
      <object_component id="oc-1e8">
         <name>.text:_ti_sysbios_heaps_HeapMem_Object__delete__S</name>
         <load_address>0x33a8b0</load_address>
         <run_address>0x33a8b0</run_address>
         <size>0x12</size>
         <input_file_ref idref="fl-f"/>
      </object_component>
      <object_component id="oc-2f2">
         <name>.text:_ti_sysbios_knl_Clock_Module_startup__E</name>
         <load_address>0x33a8c2</load_address>
         <run_address>0x33a8c2</run_address>
         <size>0x12</size>
         <input_file_ref idref="fl-1d"/>
      </object_component>
      <object_component id="oc-23f">
         <name>.text:_ti_sysbios_knl_Swi_restore__E</name>
         <load_address>0x33a8d4</load_address>
         <run_address>0x33a8d4</run_address>
         <size>0x12</size>
         <input_file_ref idref="fl-1d"/>
      </object_component>
      <object_component id="oc-22f">
         <name>.text:_ti_uia_loggers_LoggerStopMode_Object__delete__S</name>
         <load_address>0x33a8e6</load_address>
         <run_address>0x33a8e6</run_address>
         <size>0x12</size>
         <input_file_ref idref="fl-f"/>
      </object_component>
      <object_component id="oc-202">
         <name>.text:_xdc_runtime_LoggerBuf_Object__delete__S</name>
         <load_address>0x33a8f8</load_address>
         <run_address>0x33a8f8</run_address>
         <size>0x12</size>
         <input_file_ref idref="fl-f"/>
      </object_component>
      <object_component id="oc-2da">
         <name>.text:_ti_sysbios_BIOS_errorRaiseHook__I</name>
         <load_address>0x33a90a</load_address>
         <run_address>0x33a90a</run_address>
         <size>0x11</size>
         <input_file_ref idref="fl-f"/>
      </object_component>
      <object_component id="oc-31b">
         <name>.text:_ti_sysbios_family_c28_Timer_stop__E</name>
         <load_address>0x33a91b</load_address>
         <run_address>0x33a91b</run_address>
         <size>0x10</size>
         <input_file_ref idref="fl-1d"/>
      </object_component>
      <object_component id="oc-32c">
         <name>.text:_ti_sysbios_utils_Load_updateThreadContexts__E</name>
         <load_address>0x33a92b</load_address>
         <run_address>0x33a92b</run_address>
         <size>0x10</size>
         <input_file_ref idref="fl-1d"/>
      </object_component>
      <object_component id="oc-2ee">
         <name>.text:_xdc_runtime_SysMin_Module_startup__E</name>
         <load_address>0x33a93b</load_address>
         <run_address>0x33a93b</run_address>
         <size>0x10</size>
         <input_file_ref idref="fl-30"/>
      </object_component>
      <object_component id="oc-1ca">
         <name>.text:.bootCodeSection:_ti_catalog_c2800_init_Boot_disableWatchdog</name>
         <load_address>0x33a94b</load_address>
         <run_address>0x33a94b</run_address>
         <size>0xf</size>
         <input_file_ref idref="fl-22"/>
      </object_component>
      <object_component id="oc-20b">
         <name>.text:_ti_sysbios_BIOS_removeRTSLock__I</name>
         <load_address>0x33a95a</load_address>
         <run_address>0x33a95a</run_address>
         <size>0xf</size>
         <input_file_ref idref="fl-f"/>
      </object_component>
      <object_component id="oc-1fc">
         <name>.text:_xdc_runtime_LoggerBuf_write2__E</name>
         <load_address>0x33a969</load_address>
         <run_address>0x33a969</run_address>
         <size>0xf</size>
         <input_file_ref idref="fl-2c"/>
      </object_component>
      <object_component id="oc-325">
         <name>.text:_xdc_runtime_Registry_findById__E</name>
         <load_address>0x33a978</load_address>
         <run_address>0x33a978</run_address>
         <size>0xf</size>
         <input_file_ref idref="fl-36"/>
      </object_component>
      <object_component id="oc-2b6">
         <name>.text:_ti_sysbios_heaps_HeapMem_Object__get__S</name>
         <load_address>0x33a987</load_address>
         <run_address>0x33a987</run_address>
         <size>0xe</size>
         <input_file_ref idref="fl-f"/>
      </object_component>
      <object_component id="oc-30e">
         <name>.text:_ti_sysbios_knl_Swi_Object__get__S</name>
         <load_address>0x33a995</load_address>
         <run_address>0x33a995</run_address>
         <size>0xe</size>
         <input_file_ref idref="fl-f"/>
      </object_component>
      <object_component id="oc-310">
         <name>.text:_ti_uia_loggers_LoggerStopMode_Object__get__S</name>
         <load_address>0x33a9a3</load_address>
         <run_address>0x33a9a3</run_address>
         <size>0xe</size>
         <input_file_ref idref="fl-f"/>
      </object_component>
      <object_component id="oc-21c">
         <name>.text:_ti_uia_loggers_LoggerStopMode_enable__E</name>
         <load_address>0x33a9b1</load_address>
         <run_address>0x33a9b1</run_address>
         <size>0xe</size>
         <input_file_ref idref="fl-1c"/>
      </object_component>
      <object_component id="oc-305">
         <name>.text:_xdc_runtime_LoggerBuf_Object__get__S</name>
         <load_address>0x33a9bf</load_address>
         <run_address>0x33a9bf</run_address>
         <size>0xe</size>
         <input_file_ref idref="fl-f"/>
      </object_component>
      <object_component id="oc-206">
         <name>.text:_ti_sysbios_BIOS_registerRTSLock__I</name>
         <load_address>0x33a9cd</load_address>
         <run_address>0x33a9cd</run_address>
         <size>0xd</size>
         <input_file_ref idref="fl-f"/>
      </object_component>
      <object_component id="oc-261">
         <name>.text:_ti_sysbios_BIOS_rtsLock__I</name>
         <load_address>0x33a9da</load_address>
         <run_address>0x33a9da</run_address>
         <size>0xd</size>
         <input_file_ref idref="fl-f"/>
      </object_component>
      <object_component id="oc-2ef">
         <name>.text:_ti_sysbios_family_c28_TimestampProvider_Module_startup__E</name>
         <load_address>0x33a9e7</load_address>
         <run_address>0x33a9e7</run_address>
         <size>0xd</size>
         <input_file_ref idref="fl-1d"/>
      </object_component>
      <object_component id="oc-1db">
         <name>.text:_ti_sysbios_gates_GateHwi_Handle__label__S</name>
         <load_address>0x33a9f4</load_address>
         <run_address>0x33a9f4</run_address>
         <size>0xd</size>
         <input_file_ref idref="fl-f"/>
      </object_component>
      <object_component id="oc-1e1">
         <name>.text:_ti_sysbios_gates_GateSwi_Handle__label__S</name>
         <load_address>0x33aa01</load_address>
         <run_address>0x33aa01</run_address>
         <size>0xd</size>
         <input_file_ref idref="fl-f"/>
      </object_component>
      <object_component id="oc-1e9">
         <name>.text:_ti_sysbios_heaps_HeapMem_Handle__label__S</name>
         <load_address>0x33aa0e</load_address>
         <run_address>0x33aa0e</run_address>
         <size>0xd</size>
         <input_file_ref idref="fl-f"/>
      </object_component>
      <object_component id="oc-230">
         <name>.text:_ti_uia_loggers_LoggerStopMode_Handle__label__S</name>
         <load_address>0x33aa1b</load_address>
         <run_address>0x33aa1b</run_address>
         <size>0xd</size>
         <input_file_ref idref="fl-f"/>
      </object_component>
      <object_component id="oc-21d">
         <name>.text:_ti_uia_loggers_LoggerStopMode_disable__E</name>
         <load_address>0x33aa28</load_address>
         <run_address>0x33aa28</run_address>
         <size>0xd</size>
         <input_file_ref idref="fl-1c"/>
      </object_component>
      <object_component id="oc-203">
         <name>.text:_xdc_runtime_LoggerBuf_Handle__label__S</name>
         <load_address>0x33aa35</load_address>
         <run_address>0x33aa35</run_address>
         <size>0xd</size>
         <input_file_ref idref="fl-f"/>
      </object_component>
      <object_component id="oc-1fa">
         <name>.text:_xdc_runtime_LoggerBuf_write0__E</name>
         <load_address>0x33aa42</load_address>
         <run_address>0x33aa42</run_address>
         <size>0xd</size>
         <input_file_ref idref="fl-2c"/>
      </object_component>
      <object_component id="oc-1fb">
         <name>.text:_xdc_runtime_LoggerBuf_write1__E</name>
         <load_address>0x33aa4f</load_address>
         <run_address>0x33aa4f</run_address>
         <size>0xd</size>
         <input_file_ref idref="fl-2c"/>
      </object_component>
      <object_component id="oc-2b4">
         <name>.text:_xdc_runtime_System_abort__E</name>
         <load_address>0x33aa5c</load_address>
         <run_address>0x33aa5c</run_address>
         <size>0xd</size>
         <input_file_ref idref="fl-2f"/>
      </object_component>
      <object_component id="oc-1c2">
         <name>.text:_ti_sysbios_BIOS_exitFunc__I</name>
         <load_address>0x33aa69</load_address>
         <run_address>0x33aa69</run_address>
         <size>0xc</size>
         <input_file_ref idref="fl-f"/>
      </object_component>
      <object_component id="oc-33a">
         <name>.text:_ti_sysbios_family_c28_Hwi_disableIER__E</name>
         <load_address>0x33aa75</load_address>
         <run_address>0x33aa75</run_address>
         <size>0xc</size>
         <input_file_ref idref="fl-f"/>
      </object_component>
      <object_component id="oc-259">
         <name>.text:_xdc_runtime_Error_check__E</name>
         <load_address>0x33aa81</load_address>
         <run_address>0x33aa81</run_address>
         <size>0xc</size>
         <input_file_ref idref="fl-2a"/>
      </object_component>
      <object_component id="oc-166">
         <name>.text</name>
         <load_address>0x33aa8d</load_address>
         <run_address>0x33aa8d</run_address>
         <size>0xc</size>
         <input_file_ref idref="fl-48"/>
      </object_component>
      <object_component id="oc-1b7">
         <name>.text</name>
         <load_address>0x33aa99</load_address>
         <run_address>0x33aa99</run_address>
         <size>0xc</size>
         <input_file_ref idref="fl-4d"/>
      </object_component>
      <object_component id="oc-312">
         <name>.text:_ti_sysbios_family_c28_Hwi_Module__startupDone__F</name>
         <load_address>0x33aaa5</load_address>
         <run_address>0x33aaa5</run_address>
         <size>0xb</size>
         <input_file_ref idref="fl-f"/>
      </object_component>
      <object_component id="oc-309">
         <name>.text:_ti_sysbios_family_c28_Hwi_Object__get__S</name>
         <load_address>0x33aab0</load_address>
         <run_address>0x33aab0</run_address>
         <size>0xb</size>
         <input_file_ref idref="fl-f"/>
      </object_component>
      <object_component id="oc-2d1">
         <name>.text:_ti_sysbios_family_c28_Hwi_enableIER__E</name>
         <load_address>0x33aabb</load_address>
         <run_address>0x33aabb</run_address>
         <size>0xb</size>
         <input_file_ref idref="fl-f"/>
      </object_component>
      <object_component id="oc-30b">
         <name>.text:_ti_sysbios_family_c28_Timer_Module__startupDone__F</name>
         <load_address>0x33aac6</load_address>
         <run_address>0x33aac6</run_address>
         <size>0xb</size>
         <input_file_ref idref="fl-f"/>
      </object_component>
      <object_component id="oc-25a">
         <name>.text:_xdc_runtime_LoggerBuf_Instance_finalize__E</name>
         <load_address>0x33aad1</load_address>
         <run_address>0x33aad1</run_address>
         <size>0xb</size>
         <input_file_ref idref="fl-2c"/>
      </object_component>
      <object_component id="oc-282">
         <name>.text:_xdc_runtime_SysMin_exit__E</name>
         <load_address>0x33aadc</load_address>
         <run_address>0x33aadc</run_address>
         <size>0xb</size>
         <input_file_ref idref="fl-30"/>
      </object_component>
      <object_component id="oc-1b4">
         <name>.text:_xdc_runtime_System_exit__E</name>
         <load_address>0x33aae7</load_address>
         <run_address>0x33aae7</run_address>
         <size>0xb</size>
         <input_file_ref idref="fl-2f"/>
      </object_component>
      <object_component id="oc-28d">
         <name>.text:_xdc_runtime_Memory_free__E</name>
         <load_address>0x33aaf2</load_address>
         <run_address>0x33aaf2</run_address>
         <size>0xa</size>
         <input_file_ref idref="fl-2d"/>
      </object_component>
      <object_component id="oc-328">
         <name>.text:_xdc_runtime_System_vsnprintf__E</name>
         <load_address>0x33aafc</load_address>
         <run_address>0x33aafc</run_address>
         <size>0xa</size>
         <input_file_ref idref="fl-2f"/>
      </object_component>
      <object_component id="oc-2bf">
         <name>.text:_xdc_runtime_Text_ropeText__E</name>
         <load_address>0x33ab06</load_address>
         <run_address>0x33ab06</run_address>
         <size>0xa</size>
         <input_file_ref idref="fl-31"/>
      </object_component>
      <object_component id="oc-262">
         <name>.text:_ti_sysbios_BIOS_rtsUnlock__I</name>
         <load_address>0x33ab10</load_address>
         <run_address>0x33ab10</run_address>
         <size>0x9</size>
         <input_file_ref idref="fl-f"/>
      </object_component>
      <object_component id="oc-2d5">
         <name>.text:_ti_sysbios_family_c28_Hwi_restoreIER__E</name>
         <load_address>0x33ab19</load_address>
         <run_address>0x33ab19</run_address>
         <size>0x9</size>
         <input_file_ref idref="fl-f"/>
      </object_component>
      <object_component id="oc-2f6">
         <name>.text:_ti_sysbios_hal_Hwi_Module_startup__E</name>
         <load_address>0x33ab22</load_address>
         <run_address>0x33ab22</run_address>
         <size>0x9</size>
         <input_file_ref idref="fl-1d"/>
      </object_component>
      <object_component id="oc-227">
         <name>.text:_ti_uia_loggers_LoggerStopMode_isEmpty__E</name>
         <load_address>0x33ab2b</load_address>
         <run_address>0x33ab2b</run_address>
         <size>0x9</size>
         <input_file_ref idref="fl-1c"/>
      </object_component>
      <object_component id="oc-235">
         <name>.text:_xdc_runtime_Startup_exec__I</name>
         <load_address>0x33ab34</load_address>
         <run_address>0x33ab34</run_address>
         <size>0x9</size>
         <input_file_ref idref="fl-f"/>
      </object_component>
      <object_component id="oc-25c">
         <name>.text</name>
         <load_address>0x33ab3d</load_address>
         <run_address>0x33ab3d</run_address>
         <size>0x9</size>
         <input_file_ref idref="fl-45"/>
      </object_component>
      <object_component id="oc-1d3">
         <name>.text</name>
         <load_address>0x33ab46</load_address>
         <run_address>0x33ab46</run_address>
         <size>0x9</size>
         <input_file_ref idref="fl-4f"/>
      </object_component>
      <object_component id="oc-20c">
         <name>.text:_ti_sysbios_BIOS_setThreadType__E</name>
         <load_address>0x33ab4f</load_address>
         <run_address>0x33ab4f</run_address>
         <size>0x8</size>
         <input_file_ref idref="fl-1d"/>
      </object_component>
      <object_component id="oc-2ce">
         <name>.text:_xdc_runtime_IHeap_alloc</name>
         <load_address>0x33ab57</load_address>
         <run_address>0x33ab57</run_address>
         <size>0x8</size>
         <input_file_ref idref="fl-f"/>
      </object_component>
      <object_component id="oc-28c">
         <name>.text:_xdc_runtime_Memory_calloc__E</name>
         <load_address>0x33ab5f</load_address>
         <run_address>0x33ab5f</run_address>
         <size>0x8</size>
         <input_file_ref idref="fl-2d"/>
      </object_component>
      <object_component id="oc-2c6">
         <name>.text:_xdc_runtime_SysMin_ready__E</name>
         <load_address>0x33ab67</load_address>
         <run_address>0x33ab67</run_address>
         <size>0x8</size>
         <input_file_ref idref="fl-30"/>
      </object_component>
      <object_component id="oc-1b6">
         <name>.text</name>
         <load_address>0x33ab6f</load_address>
         <run_address>0x33ab6f</run_address>
         <size>0x8</size>
         <input_file_ref idref="fl-52"/>
      </object_component>
      <object_component id="oc-1b0">
[...]
         <name>_ti_uia_runtime_QueueDescriptor_gUpdateCount</name>
         <value>0x111c</value>
         <object_component_ref idref="oc-ed"/>
      </symbol>
      <symbol id="sm-900">
         <name>_xdc_runtime_Assert_raise__I</name>
         <value>0x33a07a</value>
         <object_component_ref idref="oc-28a"/>
      </symbol>
      <symbol id="sm-923">
         <name>_xdc_runtime_Core_deleteObject__I</name>
         <value>0x339c35</value>
         <object_component_ref idref="oc-23d"/>
      </symbol>
      <symbol id="sm-924">
         <name>_xdc_runtime_Core_createObject__I</name>
         <value>0x338cfa</value>
         <object_component_ref idref="oc-23b"/>
      </symbol>
      <symbol id="sm-93e">
         <name>_xdc_runtime_Core_assignLabel__I</name>
         <value>0x33a6b0</value>
         <object_component_ref idref="oc-23e"/>
      </symbol>
      <symbol id="sm-94d">
         <name>_xdc_runtime_Core_assignParams__I</name>
         <value>0x339ebc</value>
         <object_component_ref idref="oc-28b"/>
      </symbol>
      <symbol id="sm-979">
         <name>_xdc_runtime_Error_getSite__E</name>
         <value>0x33ac84</value>
         <object_component_ref idref="oc-302"/>
      </symbol>
      <symbol id="sm-97a">
         <name>_xdc_runtime_Error_print__E</name>
         <value>0x33a1ca</value>
         <object_component_ref idref="oc-2e9"/>
      </symbol>
      <symbol id="sm-97b">
         <name>_xdc_runtime_Error_policyDefault__E</name>
         <value>0x3392b5</value>
         <object_component_ref idref="oc-27a"/>
      </symbol>
      <symbol id="sm-97c">
         <name>_xdc_runtime_Error_init__E</name>
         <value>0x33abdb</value>
         <object_component_ref idref="oc-254"/>
      </symbol>
      <symbol id="sm-97d">
         <name>_xdc_runtime_Error_raiseX__E</name>
         <value>0x33a866</value>
         <object_component_ref idref="oc-1c9"/>
      </symbol>
      <symbol id="sm-97e">
         <name>_xdc_runtime_Error_check__E</name>
         <value>0x33aa81</value>
         <object_component_ref idref="oc-259"/>
      </symbol>
      <symbol id="sm-97f">
         <name>_xdc_runtime_Error_setX__E</name>
         <value>0x33a13e</value>
         <object_component_ref idref="oc-2aa"/>
      </symbol>
      <symbol id="sm-98e">
         <name>_xdc_runtime_Gate_leaveSystem__E</name>
         <value>0x33abca</value>
         <object_component_ref idref="oc-260"/>
      </symbol>
      <symbol id="sm-98f">
         <name>_xdc_runtime_Gate_enterSystem__E</name>
         <value>0x33abc4</value>
         <object_component_ref idref="oc-236"/>
      </symbol>
      <symbol id="sm-9df">
         <name>_xdc_runtime_LoggerBuf_write0__E</name>
         <value>0x33aa42</value>
         <object_component_ref idref="oc-1fa"/>
      </symbol>
      <symbol id="sm-9e0">
         <name>_xdc_runtime_LoggerBuf_Instance_init__E</name>
         <value>0x339fdf</value>
         <object_component_ref idref="oc-258"/>
      </symbol>
      <symbol id="sm-9e1">
         <name>_xdc_runtime_LoggerBuf_Module_startup__E</name>
         <value>0x33a762</value>
         <object_component_ref idref="oc-2ec"/>
      </symbol>
      <symbol id="sm-9e2">
         <name>_xdc_runtime_LoggerBuf_reset__E</name>
         <value>0x33a77a</value>
         <object_component_ref idref="oc-29b"/>
      </symbol>
      <symbol id="sm-9e3">
         <name>_xdc_runtime_LoggerBuf_Instance_finalize__E</name>
         <value>0x33aad1</value>
         <object_component_ref idref="oc-25a"/>
      </symbol>
      <symbol id="sm-9e4">
         <name>_xdc_runtime_LoggerBuf_write4__E</name>
         <value>0x339637</value>
         <object_component_ref idref="oc-1fd"/>
      </symbol>
      <symbol id="sm-9e5">
         <name>_xdc_runtime_LoggerBuf_getFilterLevel__E</name>
         <value>0x339ef9</value>
         <object_component_ref idref="oc-200"/>
      </symbol>
      <symbol id="sm-9e6">
         <name>_xdc_runtime_LoggerBuf_disable__E</name>
         <value>0x33abe0</value>
         <object_component_ref idref="oc-1f9"/>
      </symbol>
      <symbol id="sm-9e7">
         <name>_xdc_runtime_LoggerBuf_setFilterLevel__E</name>
         <value>0x339f36</value>
         <object_component_ref idref="oc-1ff"/>
      </symbol>
      <symbol id="sm-9e8">
         <name>_xdc_runtime_LoggerBuf_write8__E</name>
         <value>0x338a90</value>
         <object_component_ref idref="oc-1fe"/>
      </symbol>
      <symbol id="sm-9e9">
         <name>_xdc_runtime_LoggerBuf_write2__E</name>
         <value>0x33a969</value>
         <object_component_ref idref="oc-1fc"/>
      </symbol>
      <symbol id="sm-9ea">
         <name>_LoggerBuf_instanceStartup</name>
         <value>0x33a77a</value>
         <object_component_ref idref="oc-29b"/>
      </symbol>
      <symbol id="sm-9eb">
         <name>_xdc_runtime_LoggerBuf_filterOutEvent__I</name>
         <value>0x33a4f4</value>
         <object_component_ref idref="oc-24e"/>
      </symbol>
      <symbol id="sm-9ec">
         <name>_xdc_runtime_LoggerBuf_write1__E</name>
         <value>0x33aa4f</value>
         <object_component_ref idref="oc-1fb"/>
      </symbol>
      <symbol id="sm-9ed">
         <name>_xdc_runtime_LoggerBuf_enable__E</name>
         <value>0x33abd0</value>
         <object_component_ref idref="oc-1f8"/>
      </symbol>
      <symbol id="sm-a09">
         <name>_xdc_runtime_Memory_calloc__E</name>
         <value>0x33ab5f</value>
         <object_component_ref idref="oc-28c"/>
      </symbol>
      <symbol id="sm-a0a">
         <name>_xdc_runtime_Memory_free__E</name>
         <value>0x33aaf2</value>
         <object_component_ref idref="oc-28d"/>
      </symbol>
      <symbol id="sm-a0b">
         <name>_xdc_runtime_Memory_valloc__E</name>
         <value>0x33a7c0</value>
         <object_component_ref idref="oc-2c1"/>
      </symbol>
      <symbol id="sm-a0c">
         <name>_xdc_runtime_Memory_alloc__E</name>
         <value>0x339b00</value>
         <object_component_ref idref="oc-29a"/>
      </symbol>
      <symbol id="sm-a0d">
         <name>_xdc_runtime_Memory_getMaxDefaultTypeAlign__E</name>
         <value>0x33abfe</value>
         <object_component_ref idref="oc-2cd"/>
      </symbol>
      <symbol id="sm-a2e">
         <name>_xdc_runtime_Startup_startMods__I</name>
         <value>0x3397c7</value>
         <object_component_ref idref="oc-27f"/>
      </symbol>
      <symbol id="sm-a2f">
         <name>_xdc_runtime_Startup_exec__E</name>
         <value>0x33a0dd</value>
         <object_component_ref idref="oc-1b2"/>
      </symbol>
      <symbol id="sm-ab4">
         <name>_xdc_runtime_System_formatNum__I</name>
         <value>0x339dc4</value>
         <object_component_ref idref="oc-2c8"/>
      </symbol>
      <symbol id="sm-ab5">
         <name>_xdc_runtime_System_exit__E</name>
         <value>0x33aae7</value>
         <object_component_ref idref="oc-1b4"/>
      </symbol>
      <symbol id="sm-ab6">
         <name>_xdc_runtime_System_exitStd__E</name>
         <value>0x33ac5c</value>
         <object_component_ref idref="oc-238"/>
      </symbol>
      <symbol id="sm-ab7">
         <name>_xdc_runtime_System_printf_va__F</name>
         <value>0x33a6fe</value>
         <object_component_ref idref="oc-24a"/>
      </symbol>
      <symbol id="sm-ab8">
         <name>_xdc_runtime_System_atexit__E</name>
         <value>0x33a515</value>
         <object_component_ref idref="oc-205"/>
      </symbol>
      <symbol id="sm-ab9">
         <name>_xdc_runtime_System_abortStd__E</name>
         <value>0x33ac59</value>
         <object_component_ref idref="oc-2eb"/>
      </symbol>
      <symbol id="sm-aba">
         <name>_xdc_runtime_System_putchar__I</name>
         <value>0x33a6e4</value>
         <object_component_ref idref="oc-2c9"/>
      </symbol>
      <symbol id="sm-abb">
         <name>_xdc_runtime_System_snprintf_va__F</name>
         <value>0x33aafc</value>
         <object_component_ref idref="oc-328"/>
      </symbol>
      <symbol id="sm-abc">
         <name>_xdc_runtime_System_Module_startup__E</name>
         <value>0x33ac4a</value>
         <object_component_ref idref="oc-2ed"/>
      </symbol>
      <symbol id="sm-abd">
         <name>_xdc_runtime_System_avprintf__E</name>
         <value>0x33a6ca</value>
         <object_component_ref idref="oc-318"/>
      </symbol>
      <symbol id="sm-abe">
         <name>_xdc_runtime_System_vprintf__E</name>
         <value>0x33a6fe</value>
         <object_component_ref idref="oc-24a"/>
      </symbol>
      <symbol id="sm-abf">
         <name>_xdc_runtime_System_aprintf_va__F</name>
         <value>0x33a6ca</value>
         <object_component_ref idref="oc-318"/>
      </symbol>
      <symbol id="sm-ac0">
         <name>_xdc_runtime_System_doPrint__I</name>
         <value>0x33827c</value>
         <object_component_ref idref="oc-296"/>
      </symbol>
      <symbol id="sm-ac1">
         <name>_xdc_runtime_System_processAtExit__E</name>
         <value>0x33a48a</value>
         <object_component_ref idref="oc-1d0"/>
      </symbol>
      <symbol id="sm-ac2">
         <name>_xdc_runtime_System_vsnprintf__E</name>
         <value>0x33aafc</value>
         <object_component_ref idref="oc-328"/>
      </symbol>
      <symbol id="sm-ac3">
         <name>_xdc_runtime_System_abort__E</name>
         <value>0x33aa5c</value>
         <object_component_ref idref="oc-2b4"/>
      </symbol>
      <symbol id="sm-ae3">
         <name>_xdc_runtime_SysMin_abort__E</name>
         <value>0x33a7ed</value>
         <object_component_ref idref="oc-2ea"/>
      </symbol>
      <symbol id="sm-ae4">
         <name>_xdc_runtime_SysMin_ready__E</name>
         <value>0x33ab67</value>
         <object_component_ref idref="oc-2c6"/>
      </symbol>
      <symbol id="sm-ae5">
         <name>_xdc_runtime_SysMin_flush__E</name>
         <value>0x33a352</value>
         <object_component_ref idref="oc-2bd"/>
      </symbol>
      <symbol id="sm-ae6">
         <name>_xdc_runtime_SysMin_Module_startup__E</name>
         <value>0x33a93b</value>
         <object_component_ref idref="oc-2ee"/>
      </symbol>
      <symbol id="sm-ae7">
         <name>_xdc_runtime_SysMin_putch__E</name>
         <value>0x33a5ce</value>
         <object_component_ref idref="oc-2fa"/>
      </symbol>
      <symbol id="sm-ae8">
         <name>_xdc_runtime_SysMin_exit__E</name>
         <value>0x33aadc</value>
         <object_component_ref idref="oc-282"/>
      </symbol>
      <symbol id="sm-b29">
         <name>_xdc_runtime_Text_putLab__E</name>
         <value>0x339b57</value>
         <object_component_ref idref="oc-2f8"/>
      </symbol>
      <symbol id="sm-b2a">
         <name>_xdc_runtime_Text_printVisFxn__I</name>
         <value>0x33a717</value>
         <object_component_ref idref="oc-327"/>
      </symbol>
      <symbol id="sm-b2b">
         <name>_xdc_runtime_Text_putMod__E</name>
         <value>0x339e41</value>
         <object_component_ref idref="oc-314"/>
      </symbol>
      <symbol id="sm-b2c">
         <name>_xdc_runtime_Text_cordText__E</name>
         <value>0x33a879</value>
         <object_component_ref idref="oc-28e"/>
      </symbol>
      <symbol id="sm-b2d">
         <name>_xdc_runtime_Text_xprintf__I</name>
         <value>0x33a37b</value>
         <object_component_ref idref="oc-315"/>
      </symbol>
      <symbol id="sm-b2e">
         <name>_xdc_runtime_Text_ropeText__E</name>
         <value>0x33ab06</value>
         <object_component_ref idref="oc-2bf"/>
      </symbol>
      <symbol id="sm-b2f">
         <name>_xdc_runtime_Text_putSite__E</name>
         <value>0x3398b7</value>
         <object_component_ref idref="oc-2f9"/>
      </symbol>
      <symbol id="sm-b40">
         <name>_xdc_runtime_Timestamp_getFreq__E</name>
         <value>0x33ac71</value>
         <object_component_ref idref="oc-2fe"/>
      </symbol>
      <symbol id="sm-b41">
         <name>_xdc_runtime_Timestamp_get64__E</name>
         <value>0x33ac6e</value>
         <object_component_ref idref="oc-275"/>
      </symbol>
      <symbol id="sm-b42">
         <name>_xdc_runtime_Timestamp_get32__E</name>
         <value>0x33ac6b</value>
         <object_component_ref idref="oc-1ee"/>
      </symbol>
      <symbol id="sm-b59">
         <name>___xdc__init</name>
         <value>0x33ac02</value>
         <object_component_ref idref="oc-1b9"/>
      </symbol>
      <symbol id="sm-b7b">
         <name>_xdc_runtime_Registry_findById__E</name>
         <value>0x33a978</value>
         <object_component_ref idref="oc-325"/>
      </symbol>
      <symbol id="sm-b95">
         <name>_c_int00</name>
         <value>0x33998c</value>
         <object_component_ref idref="oc-4e"/>
      </symbol>
      <symbol id="sm-b96">
         <name>__stack</name>
         <value>0x400</value>
         <object_component_ref idref="oc-152"/>
      </symbol>
      <symbol id="sm-baa">
         <name>__unlock</name>
         <value>0x1122</value>
         <object_component_ref idref="oc-29d"/>
      </symbol>
      <symbol id="sm-bab">
         <name>__lock</name>
         <value>0x1120</value>
         <object_component_ref idref="oc-29e"/>
      </symbol>
      <symbol id="sm-bac">
         <name>__register_lock</name>
         <value>0x33ab41</value>
         <object_component_ref idref="oc-25c"/>
      </symbol>
      <symbol id="sm-bad">
         <name>__nop</name>
         <value>0x33ab45</value>
         <object_component_ref idref="oc-25c"/>
      </symbol>
      <symbol id="sm-bae">
         <name>__register_unlock</name>
         <value>0x33ab3d</value>
         <object_component_ref idref="oc-25c"/>
      </symbol>
      <symbol id="sm-bbd">
         <name>__args_main</name>
         <value>0x33a730</value>
         <object_component_ref idref="oc-1b3"/>
      </symbol>
      <symbol id="sm-bcc">
         <name>_copy_in</name>
         <value>0x33a4ae</value>
         <object_component_ref idref="oc-1b1"/>
      </symbol>
      <symbol id="sm-bd8">
         <name>_epilog_c28x_1</name>
         <value>0x33aa8d</value>
         <object_component_ref idref="oc-166"/>
      </symbol>
      <symbol id="sm-bd9">
         <name>_epilog_c28x_2</name>
         <value>0x33aa91</value>
         <object_component_ref idref="oc-166"/>
      </symbol>
      <symbol id="sm-bed">
         <name>C$$EXIT</name>
         <value>0x33a3a4</value>
         <object_component_ref idref="oc-283"/>
      </symbol>
      <symbol id="sm-bee">
         <name>_exit</name>
         <value>0x33a3a6</value>
         <object_component_ref idref="oc-283"/>
      </symbol>
      <symbol id="sm-bef">
         <name>___TI_cleanup_ptr</name>
         <value>0x1118</value>
         <object_component_ref idref="oc-16d"/>
      </symbol>
      <symbol id="sm-bf0">
         <name>___TI_enable_exit_profile_output</name>
         <value>0x1116</value>
         <object_component_ref idref="oc-16d"/>
      </symbol>
      <symbol id="sm-bf1">
         <name>_abort</name>
         <value>0x33a3a4</value>
         <object_component_ref idref="oc-283"/>
      </symbol>
      <symbol id="sm-bf2">
         <name>___TI_dtors_ptr</name>
         <value>0x111a</value>
         <object_component_ref idref="oc-16d"/>
      </symbol>
      <symbol id="sm-c03">
         <name>FS$$DIV</name>
         <value>0x3396c2</value>
         <object_component_ref idref="oc-172"/>
      </symbol>
      <symbol id="sm-c2f">
         <name>ULL$$MOD</name>
         <value>0x33867d</value>
         <object_component_ref idref="oc-177"/>
      </symbol>
      <symbol id="sm-c30">
         <name>ULL$$DIV</name>
         <value>0x33864e</value>
         <object_component_ref idref="oc-177"/>
      </symbol>
      <symbol id="sm-c31">
         <name>LL$$MOD</name>
         <value>0x338614</value>
         <object_component_ref idref="oc-177"/>
      </symbol>
      <symbol id="sm-c32">
         <name>LL$$DIV</name>
         <value>0x3385d8</value>
         <object_component_ref idref="oc-177"/>
      </symbol>
      <symbol id="sm-c43">
         <name>_memcpy</name>
         <value>0x33a5ec</value>
         <object_component_ref idref="oc-1cc"/>
      </symbol>
      <symbol id="sm-c51">
         <name>_memset</name>
         <value>0x33aa99</value>
         <object_component_ref idref="oc-1b7"/>
      </symbol>
      <symbol id="sm-c5d">
         <name>_prolog_c28x_1</name>
         <value>0x33a749</value>
         <object_component_ref idref="oc-186"/>
      </symbol>
      <symbol id="sm-c5e">
         <name>_prolog_c28x_2</name>
         <value>0x33a74d</value>
         <object_component_ref idref="oc-186"/>
      </symbol>
      <symbol id="sm-c5f">
         <name>_prolog_c28x_3</name>
         <value>0x33a755</value>
         <object_component_ref idref="oc-186"/>
      </symbol>
      <symbol id="sm-c6e">
         <name>_strcat</name>
         <value>0x33ab46</value>
         <object_component_ref idref="oc-1d3"/>
      </symbol>
      <symbol id="sm-c84">
         <name>_strcpy</name>
         <value>0x33abe5</value>
         <object_component_ref idref="oc-1d2"/>
      </symbol>
      <symbol id="sm-c91">
         <name>_strlen</name>
         <value>0x33ab6f</value>
         <object_component_ref idref="oc-1b6"/>
      </symbol>
      <symbol id="sm-ca1">
         <name>_strncpy</name>
         <value>0x33a60a</value>
         <object_component_ref idref="oc-1d4"/>
      </symbol>
      <symbol id="sm-cb4">
         <name>_HOSTopen</name>
         <value>0x338154</value>
         <object_component_ref idref="oc-313"/>
      </symbol>
      <symbol id="sm-cb5">
         <name>_HOSTread</name>
         <value>0x338115</value>
         <object_component_ref idref="oc-313"/>
      </symbol>
      <symbol id="sm-cb6">
         <name>_HOSTgetenv</name>
         <value>0x3381f5</value>
         <object_component_ref idref="oc-313"/>
      </symbol>
      <symbol id="sm-cb7">
         <name>_HOSTtime</name>
         <value>0x3380a1</value>
         <object_component_ref idref="oc-313"/>
      </symbol>
      <symbol id="sm-cb8">
         <name>_HOSTtime64</name>
         <value>0x33805c</value>
         <object_component_ref idref="oc-313"/>
      </symbol>
      <symbol id="sm-cb9">
         <name>_HOSTrename</name>
         <value>0x3380d7</value>
         <object_component_ref idref="oc-313"/>
      </symbol>
      <symbol id="sm-cba">
         <name>_HOSTclock</name>
         <value>0x338246</value>
         <object_component_ref idref="oc-313"/>
      </symbol>
      <symbol id="sm-cbb">
         <name>_HOSTwrite</name>
         <value>0x338000</value>
         <object_component_ref idref="oc-313"/>
      </symbol>
      <symbol id="sm-cbc">
         <name>_HOSTlseek</name>
         <value>0x338194</value>
         <object_component_ref idref="oc-313"/>
      </symbol>
      <symbol id="sm-cbd">
         <name>_HOSTunlink</name>
         <value>0x338038</value>
         <object_component_ref idref="oc-313"/>
      </symbol>
      <symbol id="sm-cbe">
         <name>_HOSTclose</name>
         <value>0x33821d</value>
         <object_component_ref idref="oc-313"/>
      </symbol>
      <symbol id="sm-cd7">
         <name>___TI_readmsg</name>
         <value>0x339570</value>
         <object_component_ref idref="oc-322"/>
      </symbol>
      <symbol id="sm-cd8">
         <name>C$$IO$$</name>
         <value>0x33956b</value>
         <object_component_ref idref="oc-322"/>
      </symbol>
      <symbol id="sm-cd9">
         <name>__CIOBUF_</name>
         <value>0x80</value>
         <object_component_ref idref="oc-1ab"/>
      </symbol>
      <symbol id="sm-cda">
         <name>___TI_writemsg</name>
         <value>0x339518</value>
         <object_component_ref idref="oc-322"/>
      </symbol>
   </symbol_table>
   <title>Link errors: red sections failed placement,available memory ranges in purple</title>
</link_info>
